---
source: tests/unit/infrastructure/tui/review_form.rs
expression: "crate::test_support::render_to_styled_string(100, 34, |f|\nrender(f, &mut state))"
---
┌ sara — Review Task ──────────────────────────────────────────────────────────────────────────────┐
│┌ Description ───────────────────────────────────────────────────────────────────────────────────┐│
││test                                                                                            ││
│└────────────────────────────────────────────────────────────────────────────────────────────────┘│
│┌ Project ───────────────────────────────────────────────────────────────────────────────────────┐│
││tk                                                                                              ││
│└────────────────────────────────────────────────────────────────────────────────────────────────┘│
│┌ Priority  ←/→ to cycle ────────────────────────────────────────────────────────────────────────┐│
││L  (Low)                                                                                        ││
│└────────────────────────────────────────────────────────────────────────────────────────────────┘│
│┌ Due  ←/→ presets, or type (2026-06-20, friday, +3d) ───────────────────────────────────────────┐│
││today                                                                                           ││
│└────────────────────────────────────────────────────────────────────────────────────────────────┘│
│┌ Tags  (comma-separated) ───────────────────────────────────────────────────────────────────────┐│
││a,b                                                                                             ││
│└────────────────────────────────────────────────────────────────────────────────────────────────┘│
│┌ Dependencies  (↑/↓ move, space toggle) ────────────────────────────────────────────────────────┐│
││☐ 1  jshfgklfhg                                                                                 ││
││                                                                                                ││
││                                                                                                ││
│└────────────────────────────────────────────────────────────────────────────────────────────────┘│
│┌ Relevant Files  (type to filter · space toggle · Enter add typed) ─────────────────────────────┐│
││☐ Cargo.toml                                                                                    ││
││☐ README.md                                                                                     ││
││                                                                                                ││
││                                                                                                ││
││                                                                                                ││
│└────────────────────────────────────────────────────────────────────────────────────────────────┘│
│┌───────────────────────────────────────────────┐┌───────────────────────────────────────────────┐│
││ ✔  Save  (Ctrl+S)                             ││ ✖  Cancel  (Esc)                              ││
│└───────────────────────────────────────────────┘└───────────────────────────────────────────────┘│
│                                                                                                  │
│ Tab/Shift+Tab: move  •  ←/→: cycle priority  •  Space: toggle  •  Ctrl+S: save  •  ?: help  •  Es│
└──────────────────────────────────────────────────────────────────────────────────────────────────┘
--- styles ---
aaaaaaaaaaaaaaaaaaaaaaaaaaaaaaaaaaaaaaaaaaaaaaaaaaaaaaaaaaaaaaaaaaaaaaaaaaaaaaaaaaaaaaaaaaaaaaaaaaaa
abbbbbbbbbbbbbbbbbbbbbbbbbbbbbbbbbbbbbbbbbbbbbbbbbbbbbbbbbbbbbbbbbbbbbbbbbbbbbbbbbbbbbbbbbbbbbbbbbba
abccccdaaaaaaaaaaaaaaaaaaaaaaaaaaaaaaaaaaaaaaaaaaaaaaaaaaaaaaaaaaaaaaaaaaaaaaaaaaaaaaaaaaaaaaaaaaaba
abbbbbbbbbbbbbbbbbbbbbbbbbbbbbbbbbbbbbbbbbbbbbbbbbbbbbbbbbbbbbbbbbbbbbbbbbbbbbbbbbbbbbbbbbbbbbbbbbba
aeeeeeeeeeeeeeeeeeeeeeeeeeeeeeeeeeeeeeeeeeeeeeeeeeeeeeeeeeeeeeeeeeeeeeeeeeeeeeeeeeeeeeeeeeeeeeeeeeea
aeccdaaaaaaaaaaaaaaaaaaaaaaaaaaaaaaaaaaaaaaaaaaaaaaaaaaaaaaaaaaaaaaaaaaaaaaaaaaaaaaaaaaaaaaaaaaaaaea
aeeeeeeeeeeeeeeeeeeeeeeeeeeeeeeeeeeeeeeeeeeeeeeeeeeeeeeeeeeeeeeeeeeeeeeeeeeeeeeeeeeeeeeeeeeeeeeeeeea
aeeeeeeeeeeeeeeeeeeeeeeeeeeeeeeeeeeeeeeeeeeeeeeeeeeeeeeeeeeeeeeeeeeeeeeeeeeeeeeeeeeeeeeeeeeeeeeeeeea
aeffffffffaaaaaaaaaaaaaaaaaaaaaaaaaaaaaaaaaaaaaaaaaaaaaaaaaaaaaaaaaaaaaaaaaaaaaaaaaaaaaaaaaaaaaaaaea
aeeeeeeeeeeeeeeeeeeeeeeeeeeeeeeeeeeeeeeeeeeeeeeeeeeeeeeeeeeeeeeeeeeeeeeeeeeeeeeeeeeeeeeeeeeeeeeeeeea
aeeeeeeeeeeeeeeeeeeeeeeeeeeeeeeeeeeeeeeeeeeeeeeeeeeeeeeeeeeeeeeeeeeeeeeeeeeeeeeeeeeeeeeeeeeeeeeeeeea
aecccccdaaaaaaaaaaaaaaaaaaaaaaaaaaaaaaaaaaaaaaaaaaaaaaaaaaaaaaaaaaaaaaaaaaaaaaaaaaaaaaaaaaaaaaaaaaea
aeeeeeeeeeeeeeeeeeeeeeeeeeeeeeeeeeeeeeeeeeeeeeeeeeeeeeeeeeeeeeeeeeeeeeeeeeeeeeeeeeeeeeeeeeeeeeeeeeea
aeeeeeeeeeeeeeeeeeeeeeeeeeeeeeeeeeeeeeeeeeeeeeeeeeeeeeeeeeeeeeeeeeeeeeeeeeeeeeeeeeeeeeeeeeeeeeeeeeea
aecccdaaaaaaaaaaaaaaaaaaaaaaaaaaaaaaaaaaaaaaaaaaaaaaaaaaaaaaaaaaaaaaaaaaaaaaaaaaaaaaaaaaaaaaaaaaaaea
aeeeeeeeeeeeeeeeeeeeeeeeeeeeeeeeeeeeeeeeeeeeeeeeeeeeeeeeeeeeeeeeeeeeeeeeeeeeeeeeeeeeeeeeeeeeeeeeeeea
aeeeeeeeeeeeeeeeeeeeeeeeeeeeeeeeeeeeeeeeeeeeeeeeeeeeeeeeeeeeeeeeeeeeeeeeeeeeeeeeeeeeeeeeeeeeeeeeeeea
aeggggggggggggggggggggggggggggggggggggggggggggggggggggggggggggggggggggggggggggggggggggggggggggggggea
aeaaaaaaaaaaaaaaaaaaaaaaaaaaaaaaaaaaaaaaaaaaaaaaaaaaaaaaaaaaaaaaaaaaaaaaaaaaaaaaaaaaaaaaaaaaaaaaaaea
aeaaaaaaaaaaaaaaaaaaaaaaaaaaaaaaaaaaaaaaaaaaaaaaaaaaaaaaaaaaaaaaaaaaaaaaaaaaaaaaaaaaaaaaaaaaaaaaaaea
aeeeeeeeeeeeeeeeeeeeeeeeeeeeeeeeeeeeeeeeeeeeeeeeeeeeeeeeeeeeeeeeeeeeeeeeeeeeeeeeeeeeeeeeeeeeeeeeeeea
aeeeeeeeeeeeeeeeeeeeeeeeeeeeeeeeeeeeeeeeeeeeeeeeeeeeeeeeeeeeeeeeeeeeeeeeeeeeeeeeeeeeeeeeeeeeeeeeeeea
aeggggggggggggggggggggggggggggggggggggggggggggggggggggggggggggggggggggggggggggggggggggggggggggggggea
aeaaaaaaaaaaaaaaaaaaaaaaaaaaaaaaaaaaaaaaaaaaaaaaaaaaaaaaaaaaaaaaaaaaaaaaaaaaaaaaaaaaaaaaaaaaaaaaaaea
aeaaaaaaaaaaaaaaaaaaaaaaaaaaaaaaaaaaaaaaaaaaaaaaaaaaaaaaaaaaaaaaaaaaaaaaaaaaaaaaaaaaaaaaaaaaaaaaaaea
aeaaaaaaaaaaaaaaaaaaaaaaaaaaaaaaaaaaaaaaaaaaaaaaaaaaaaaaaaaaaaaaaaaaaaaaaaaaaaaaaaaaaaaaaaaaaaaaaaea
aeaaaaaaaaaaaaaaaaaaaaaaaaaaaaaaaaaaaaaaaaaaaaaaaaaaaaaaaaaaaaaaaaaaaaaaaaaaaaaaaaaaaaaaaaaaaaaaaaea
aeeeeeeeeeeeeeeeeeeeeeeeeeeeeeeeeeeeeeeeeeeeeeeeeeeeeeeeeeeeeeeeeeeeeeeeeeeeeeeeeeeeeeeeeeeeeeeeeeea
afffffffffffffffffffffffffffffffffffffffffffffffffhhhhhhhhhhhhhhhhhhhhhhhhhhhhhhhhhhhhhhhhhhhhhhhhha
afffffffffffffffffffffffffffffffffffffffffffffffffhhhhhhhhhhhhhhhhhhhhhhhhhhhhhhhhhhhhhhhhhhhhhhhhha
afffffffffffffffffffffffffffffffffffffffffffffffffhhhhhhhhhhhhhhhhhhhhhhhhhhhhhhhhhhhhhhhhhhhhhhhhha
aaaaaaaaaaaaaaaaaaaaaaaaaaaaaaaaaaaaaaaaaaaaaaaaaaaaaaaaaaaaaaaaaaaaaaaaaaaaaaaaaaaaaaaaaaaaaaaaaaaa
aeeeeeeeeeeeeeeeeeeeeeeeeeeeeeeeeeeeeeeeeeeeeeeeeeeeeeeeeeeeeeeeeeeeeeeeeeeeeeeeeeeeeeeeeeeeeeeeeeea
aaaaaaaaaaaaaaaaaaaaaaaaaaaaaaaaaaaaaaaaaaaaaaaaaaaaaaaaaaaaaaaaaaaaaaaaaaaaaaaaaaaaaaaaaaaaaaaaaaaa
--- legend ---
a fg=Some(Reset) bg=Some(Reset) mod=NONE
b fg=Some(Cyan) bg=Some(Reset) mod=BOLD
c fg=Some(Reset) bg=Some(Reset) mod=UNDERLINED
d fg=Some(Reset) bg=Some(Reset) mod=REVERSED
e fg=Some(DarkGray) bg=Some(Reset) mod=NONE
f fg=Some(Green) bg=Some(Reset) mod=NONE
g fg=Some(Reset) bg=Some(DarkGray) mod=BOLD
h fg=Some(Red) bg=Some(Reset) mod=NONE
