---
source: tests/unit/commands/info/render.rs
expression: out
---
┌ Task tree  (d to expand) ──────────────┐┌ Task 6 ────────────────────────────────────────────────────────────────────┐
│ ← blocked by (1)                       ││ ▶ Description root task                                                    │
│  └─✓ 1 task 1                          ││   Project     tk                                                           │
│────────────────────────────────────────││   Priority    High                                                         │
│ ▶   6 root task                        ││   Due         YYYY-MM-DD hh:mm  (due in 3 days)                            │
│────────────────────────────────────────││   Tags        tui, theme                                                   │
│ blocks → (1)                           ││   Estimate    -                                                            │
│  └─○ 2 task 2                          ││   Recur       -                                                            │
└────────────────────────────────────────┘│   Depends on  -                                                            │
┌ Git ───────────────────────────────────┐│  Time spent  -                                                             │
│  No branch tied.                       ││  Urgency     7.5                                                           │
│                                        ││  Entered     YYYY-MM-DD hh:mm  (today)                                     │
│  Run: sara <id> addbranch              ││  Modified    YYYY-MM-DD hh:mm                                              │
│                                        ││  Assignment  make the TUI coherent                                         │
│                                        ││  Rationale   screens drifted apart                                         │
│                                        ││                                                                            │
│                                        ││  ↑/↓ select · Enter open/toggle · c comment · r reconsider · x resolve     │
│                                        ││                                                                            │
│                                        ││Risks                                                                       │
│                                        ││   • info render is huge (ai)                                               │
│                                        ││                                                                            │
│                                        ││  1 AI work note (1 findings)  — the AI's execution workpaper, not usually  │
│                                        ││needed for review  (n to view)                                              │
│                                        ││                                                                            │
│                                        ││Checklist  1/2 steps · 0/1 acceptance                                       │
│                                        ││   [x] recall                                                               │
│                                        ││   [ ] observe                                                              │
│                                        ││   [ ] snapshots pass [accept]                                              │
│                                        ││                                                                            │
│                                        ││                                                                            │
│                                        ││                                                                            │
│                                        ││                                                                            │
│                                        ││                                                                            │
│                                        ││                                                                            │
│                                        ││                                                                            │
│                                        ││                                                                            │
│                                        ││                                                                            │
│                                        ││                                                                            │
│                                        ││                                                                            │
│                                        ││                                                                            │
└────────────────────────────────────────┘└────────────────────────────────────────────────────────────────────────────┘
┌ History ─────────────────────────────────────────────────────────────────────────────────────────────────────────────┐
│  MM-DD hh:mm  due         2026-01-01 → 2026-02-01                                                                    │
│  MM-DD hh:mm  link        − https://old.example                                                                      │
│  MM-DD hh:mm  comment     + first comment                                                                            │
│  MM-DD hh:mm  priority    — → H                                                                                      │
└──────────────────────────────────────────────────────────────────────────────────────────────────────────────────────┘
 ↑/↓ move • Enter edit/open • c comment • a step • d tree • n notes • u urgency • v expand • ? help • q close
--- styles ---
aaaaaaaaaaaaaaaaaaaaaaaaaaaaaaaaaaaaaaaaaabbbbbbbbbbbbbbbbbbbbbbbbbbbbbbbbbbbbbbbbbbbbbbbbbbbbbbbbbbbbbbbbbbbbbbbbbbbbbb
acccccccccccccccccdddddddddddddddddddddddabeeeeeeeeeeeeeeefffffffffddddddddddddddddddddddddddddddddddddddddddddddddddddb
agggghhhhhhhhhhddddddddddddddddddddddddddabgggggggggggggggdddddddddddddddddddddddddddddddddddddddddddddddddddddddddddddb
aggggggggggggggggggggggggggggggggggggggggabgggggggggggggggiiiidddddddddddddddddddddddddddddddddddddddddddddddddddddddddb
aeeeeeeeeeeeeeeeeddddddddddddddddddddddddabgggggggggggggggdddddddddddddddddddddddddddddddddddddddddddddddddddddddddddddb
aggggggggggggggggggggggggggggggggggggggggabgggggggggggggggdddddddddddddddddddddddddddddddddddddddddddddddddddddddddddddb
acccccccccccccdddddddddddddddddddddddddddabgggggggggggggggdddddddddddddddddddddddddddddddddddddddddddddddddddddddddddddb
aggggbbbbbbbbbbddddddddddddddddddddddddddabgggggggggggggggdddddddddddddddddddddddddddddddddddddddddddddddddddddddddddddb
aaaaaaaaaaaaaaaaaaaaaaaaaaaaaaaaaaaaaaaaaabgggggggggggggggdddddddddddddddddddddddddddddddddddddddddddddddddddddddddddddb
ggggggggggggggggggggggggggggggggggggggggggbggggggggggggggddddddddddddddddddddddddddddddddddddddddddddddddddddddddddddddb
ggggggggggggggggggdddddddddddddddddddddddgbggggggggggggggddddddddddddddddddddddddddddddddddddddddddddddddddddddddddddddb
gddddddddddddddddddddddddddddddddddddddddgbggggggggggggggddddddddddddddddgggggggggdddddddddddddddddddddddddddddddddddddb
gjjjjjjjjjjjjjjjjjjjjjjjjjjddddddddddddddgbggggggggggggggddddddddddddddddddddddddddddddddddddddddddddddddddddddddddddddb
gddddddddddddddddddddddddddddddddddddddddgbgggggggggggggggggggggggggggggggggggdddddddddddddddddddddddddddddddddddddddddb
gddddddddddddddddddddddddddddddddddddddddgbggggggggggggggddddddddddddddddddddddddddddddddddddddddddddddddddddddddddddddb
gddddddddddddddddddddddddddddddddddddddddgbddddddddddddddddddddddddddddddddddddddddddddddddddddddddddddddddddddddddddddb
gddddddddddddddddddddddddddddddddddddddddgbkkkkkkkkkkkkkkkkkkkkkkkkkkkkkkkkkkkkkkkkkkkkkkkkkkkkkkkkkkkkkkkkkkkkkkkdddddb
gddddddddddddddddddddddddddddddddddddddddgbddddddddddddddddddddddddddddddddddddddddddddddddddddddddddddddddddddddddddddb
gddddddddddddddddddddddddddddddddddddddddgbllllldddddddddddddddddddddddddddddddddddddddddddddddddddddddddddddddddddddddb
gddddddddddddddddddddddddddddddddddddddddgbjjjjjdddddddddddddddddddaaaaadddddddddddddddddddddddddddddddddddddddddddddddb
gddddddddddddddddddddddddddddddddddddddddgbddddddddddddddddddddddddddddddddddddddddddddddddddddddddddddddddddddddddddddb
gddddddddddddddddddddddddddddddddddddddddgbkkkkkkkkkkkkkkkkkkkkkkkkkkkkkkkkkkkkkkkkkkkkkkkkkkkkkkkkkkkkkkkkkkkkkkkkkkddb
gddddddddddddddddddddddddddddddddddddddddgbkkkkkkkkkkkkkkkkkkkkkkkkkkkkkkddddddddddddddddddddddddddddddddddddddddddddddb
gddddddddddddddddddddddddddddddddddddddddgbddddddddddddddddddddddddddddddddddddddddddddddddddddddddddddddddddddddddddddb
gddddddddddddddddddddddddddddddddddddddddgbllllllllllllllllllllllllllllllllllllldddddddddddddddddddddddddddddddddddddddb
gddddddddddddddddddddddddddddddddddddddddgbjjjjjjjhhhhhhdddddddddddddddddddddddddddddddddddddddddddddddddddddddddddddddb
gddddddddddddddddddddddddddddddddddddddddgbjjjjjjjdddddddddddddddddddddddddddddddddddddddddddddddddddddddddddddddddddddb
gddddddddddddddddddddddddddddddddddddddddgbjjjjjjjddddddddddddddmmmmmmmmmddddddddddddddddddddddddddddddddddddddddddddddb
gddddddddddddddddddddddddddddddddddddddddgbddddddddddddddddddddddddddddddddddddddddddddddddddddddddddddddddddddddddddddb
gddddddddddddddddddddddddddddddddddddddddgbddddddddddddddddddddddddddddddddddddddddddddddddddddddddddddddddddddddddddddb
gddddddddddddddddddddddddddddddddddddddddgbddddddddddddddddddddddddddddddddddddddddddddddddddddddddddddddddddddddddddddb
gddddddddddddddddddddddddddddddddddddddddgbddddddddddddddddddddddddddddddddddddddddddddddddddddddddddddddddddddddddddddb
gddddddddddddddddddddddddddddddddddddddddgbddddddddddddddddddddddddddddddddddddddddddddddddddddddddddddddddddddddddddddb
gddddddddddddddddddddddddddddddddddddddddgbddddddddddddddddddddddddddddddddddddddddddddddddddddddddddddddddddddddddddddb
gddddddddddddddddddddddddddddddddddddddddgbddddddddddddddddddddddddddddddddddddddddddddddddddddddddddddddddddddddddddddb
gddddddddddddddddddddddddddddddddddddddddgbddddddddddddddddddddddddddddddddddddddddddddddddddddddddddddddddddddddddddddb
gddddddddddddddddddddddddddddddddddddddddgbddddddddddddddddddddddddddddddddddddddddddddddddddddddddddddddddddddddddddddb
gddddddddddddddddddddddddddddddddddddddddgbddddddddddddddddddddddddddddddddddddddddddddddddddddddddddddddddddddddddddddb
gddddddddddddddddddddddddddddddddddddddddgbddddddddddddddddddddddddddddddddddddddddddddddddddddddddddddddddddddddddddddb
gddddddddddddddddddddddddddddddddddddddddgbddddddddddddddddddddddddddddddddddddddddddddddddddddddddddddddddddddddddddddb
ggggggggggggggggggggggggggggggggggggggggggbbbbbbbbbbbbbbbbbbbbbbbbbbbbbbbbbbbbbbbbbbbbbbbbbbbbbbbbbbbbbbbbbbbbbbbbbbbbbb
gggggggggggggggggggggggggggggggggggggggggggggggggggggggggggggggggggggggggggggggggggggggggggggggggggggggggggggggggggggggg
ggggggggggggggggbbbbbbbbbbbbjjjjjjjjjjgggddddddddddddddddddddddddddddddddddddddddddddddddddddddddddddddddddddddddddddddg
ggggggggggggggggbbbbbbbbbbbbiidddddddddddddddddddddddddddddddddddddddddddddddddddddddddddddddddddddddddddddddddddddddddg
ggggggggggggggggbbbbbbbbbbbbnndddddddddddddddddddddddddddddddddddddddddddddddddddddddddddddddddddddddddddddddddddddddddg
ggggggggggggggggbbbbbbbbbbbbjgggdddddddddddddddddddddddddddddddddddddddddddddddddddddddddddddddddddddddddddddddddddddddg
gggggggggggggggggggggggggggggggggggggggggggggggggggggggggggggggggggggggggggggggggggggggggggggggggggggggggggggggggggggggg
jjjjjjjjjjjjjjjjjjjjjjjjjjjjjjjjjjjjjjjjjjjjjjjjjjjjjjjjjjjjjjjjjjjjjjjjjjjjjjjjjjjjjjjjjjjjjjjjjjjjjjjjjjjjjjjjjjjjjjjj
--- legend ---
a fg=Some(Magenta) bg=Some(Reset) mod=NONE
b fg=Some(Cyan) bg=Some(Reset) mod=NONE
c fg=Some(Gray) bg=Some(Reset) mod=BOLD
d fg=Some(Reset) bg=Some(Reset) mod=NONE
e fg=Some(White) bg=Some(Blue) mod=BOLD
f fg=Some(White) bg=Some(Blue) mod=NONE
g fg=Some(DarkGray) bg=Some(Reset) mod=NONE
h fg=Some(DarkGray) bg=Some(Reset) mod=CROSSED_OUT
i fg=Some(Red) bg=Some(Reset) mod=NONE
j fg=Some(Gray) bg=Some(Reset) mod=NONE
k fg=Some(DarkGray) bg=Some(Reset) mod=ITALIC
l fg=Some(Cyan) bg=Some(Reset) mod=BOLD
m fg=Some(Blue) bg=Some(Reset) mod=NONE
n fg=Some(Green) bg=Some(Reset) mod=NONE
