---
source: tests/unit/commands/info/render.rs
expression: out
---
 [○ PENDING]  [· NOT VALIDATED]  [⎇ NO BRANCH]  [· NO FEEDBACK]                                           #6 · 00000000
┌ TASK TREE ─────────────────────────────┐╔ tk ════════════════════════════════════════════════════════════════════════╗
│ ← blocked by (1)                       │║                                                                            ║
│  └─✓ 1 task 1                          │║ ▶ root task                                                                ║
│────────────────────────────────────────│║   urgency 7.5  ·  created YYYY-MM-DD hh:mm (today)                         ║
│ ▶   6 root task                        │║   modified YYYY-MM-DD hh:mm                                                ║
│────────────────────────────────────────│║                                                                            ║
│ blocks → (1)                           │║   ▎ asked  make the TUI coherent                                           ║
│  └─○ 2 task 2                          │║   ▎ why    screens drifted apart                                           ║
│                                        │║                                                                            ║
│                                        │║ ▌ DETAILS ─────────────────────────────────────────────────────────────────║
│                                        │║   Project    tk                         Priority   ▲ High                  ║
│                                        │║   Due        YYYY-MM-DD hh:mm  (due in 3 days)                             ║
│                                        │║   Tags       #tui #theme                Estimate   —                       ║
│                                        │║   Recur      —                          Depends on —                       ║
│                                        │║                                                                            ║
│                                        │║ ▌ RISKS ───────────────────────────────────────────────────────────────────║
│                                        │║   • info render is huge (ai)                                               ║
│                                        │║                                                                            ║
│                                        │║ ▌ FINDINGS ────────────────────────────────────────────────────────────────║
│                                        │║   • only text snapshots exist (ai)                                         ║
│                                        │║                                                                            ║
│                                        │║ ▾ CHECKLIST  3 ────────────────────────────────────────────────────────────║
│                                        │║   steps       ▰▰▰▰▰▰▰▰▰▰▱▱▱▱▱▱▱▱▱▱  1/2                                    ║
│                                        │║   acceptance  ▱▱▱▱▱▱▱▱▱▱▱▱▱▱▱▱▱▱▱▱  0/1                                    ║
│                                        │║   ✓ recall                                                                 ║
│                                        │║     why recall                                                             ║
│                                        │║     → green                                                                ║
│                                        │║   ◉ observe  ← next                                                        ║
│                                        │║     why observe                                                            ║
│                                        │║   ◇ snapshots pass  acceptance                                             ║
│                                        │║     why snapshots pass                                                     ║
│                                        │║     $ cargo test  → not run                                                ║
│                                        │║                                                                            ║
│                                        │║                                                                            ║
│                                        │║                                                                            ║
│                                        │║                                                                            ║
│                                        │║                                                                            ║
│                                        │║                                                                            ║
│                                        │║                                                                            ║
│                                        │║                                                                            ║
│                                        │║                                                                            ║
│                                        │║                                                                            ║
│                                        │║                                                                            ║
│                                        │║                                                                            ║
│                                        │║                                                                            ║
└────────────────────────────────────────┘╚════════════════════════════════════════════════════════════════════════════╝
 e edit   j/k move   a add step   ? help   q close
--- styles ---
abbbbbbbbbbbaacccccccccccccccccaacccccccccccccaacccccccccccccccaaaaaaaaaaaaaaaaaaaaaaaaaaaaaaaaaaaaaaaaaaaddddddddddddda
eeeeeeeeeeeeeeeeeeeeeeeeeeeeeeeeeeeeeeeeeeffffffffffffffffffffffffffffffffffffffffffffffffffffffffffffffffffffffffffffff
eggggggggggggggggghhhhhhhhhhhhhhhhhhhhhhhefhhhhhhhhhhhhhhhhhhhhhhhhhhhhhhhhhhhhhhhhhhhhhhhhhhhhhhhhhhhhhhhhhhhhhhhhhhhhf
eiiiijjjjjjjjjjhhhhhhhhhhhhhhhhhhhhhhhhhhefkkkkkkkkkkkkhhhhhhhhhhhhhhhhhhhhhhhhhhhhhhhhhhhhhhhhhhhhhhhhhhhhhhhhhhhhhhhhf
eiiiiiiiiiiiiiiiiiiiiiiiiiiiiiiiiiiiiiiiiefhhhiiiiiiiillliiiiiiiiiiiiiiiiiiiiiiiiiiiiiiiiiiiiihhhhhhhhhhhhhhhhhhhhhhhhhf
ekkkkkkkkkkkkkkkkhhhhhhhhhhhhhhhhhhhhhhhhefhhhiiiiiiiiiiiiiiiiiiiiiiiiihhhhhhhhhhhhhhhhhhhhhhhhhhhhhhhhhhhhhhhhhhhhhhhhf
eiiiiiiiiiiiiiiiiiiiiiiiiiiiiiiiiiiiiiiiiefhhhhhhhhhhhhhhhhhhhhhhhhhhhhhhhhhhhhhhhhhhhhhhhhhhhhhhhhhhhhhhhhhhhhhhhhhhhhf
eggggggggggggghhhhhhhhhhhhhhhhhhhhhhhhhhheffffffiiiiiiimmmmmmmmmmmmmmmmmmmmmhhhhhhhhhhhhhhhhhhhhhhhhhhhhhhhhhhhhhhhhhhhf
eiiiiffffffffffhhhhhhhhhhhhhhhhhhhhhhhhhheffffffiiiiiiilllllllllllllllllllllhhhhhhhhhhhhhhhhhhhhhhhhhhhhhhhhhhhhhhhhhhhf
ehhhhhhhhhhhhhhhhhhhhhhhhhhhhhhhhhhhhhhhhefhhhhhhhhhhhhhhhhhhhhhhhhhhhhhhhhhhhhhhhhhhhhhhhhhhhhhhhhhhhhhhhhhhhhhhhhhhhhf
ehhhhhhhhhhhhhhhhhhhhhhhhhhhhhhhhhhhhhhhhefnnnnnnnnnnhiiiiiiiiiiiiiiiiiiiiiiiiiiiiiiiiiiiiiiiiiiiiiiiiiiiiiiiiiiiiiiiiif
ehhhhhhhhhhhhhhhhhhhhhhhhhhhhhhhhhhhhhhhhefiiiiiiiiiiiiiihhhhhhhhhhhhhhhhhhhhhhhhiiiiiiiiiiiiiioooooohhhhhhhhhhhhhhhhhhf
ehhhhhhhhhhhhhhhhhhhhhhhhhhhhhhhhhhhhhhhhefiiiiiiiiiiiiiihhhhhhhhhhhhhhhhhhhhhhhhhhhhhhhhhhhhhhhhhhhhhhhhhhhhhhhhhhhhhhf
ehhhhhhhhhhhhhhhhhhhhhhhhhhhhhhhhhhhhhhhhefiiiiiiiiiiiiiieeeeheeeeeehhhhhhhhhhhhhiiiiiiiiiiiiiiihhhhhhhhhhhhhhhhhhhhhhhf
ehhhhhhhhhhhhhhhhhhhhhhhhhhhhhhhhhhhhhhhhefiiiiiiiiiiiiiiihhhhhhhhhhhhhhhhhhhhhhhiiiiiiiiiiiiiiihhhhhhhhhhhhhhhhhhhhhhhf
ehhhhhhhhhhhhhhhhhhhhhhhhhhhhhhhhhhhhhhhhefhhhhhhhhhhhhhhhhhhhhhhhhhhhhhhhhhhhhhhhhhhhhhhhhhhhhhhhhhhhhhhhhhhhhhhhhhhhhf
ehhhhhhhhhhhhhhhhhhhhhhhhhhhhhhhhhhhhhhhhefnnnnnnnnhiiiiiiiiiiiiiiiiiiiiiiiiiiiiiiiiiiiiiiiiiiiiiiiiiiiiiiiiiiiiiiiiiiif
ehhhhhhhhhhhhhhhhhhhhhhhhhhhhhhhhhhhhhhhheflllllhhhhhhhhhhhhhhhhhhheeeeehhhhhhhhhhhhhhhhhhhhhhhhhhhhhhhhhhhhhhhhhhhhhhhf
ehhhhhhhhhhhhhhhhhhhhhhhhhhhhhhhhhhhhhhhhefhhhhhhhhhhhhhhhhhhhhhhhhhhhhhhhhhhhhhhhhhhhhhhhhhhhhhhhhhhhhhhhhhhhhhhhhhhhhf
ehhhhhhhhhhhhhhhhhhhhhhhhhhhhhhhhhhhhhhhhefnnnnnnnnnnnhiiiiiiiiiiiiiiiiiiiiiiiiiiiiiiiiiiiiiiiiiiiiiiiiiiiiiiiiiiiiiiiif
ehhhhhhhhhhhhhhhhhhhhhhhhhhhhhhhhhhhhhhhheflllllhhhhhhhhhhhhhhhhhhhhhhhhheeeeehhhhhhhhhhhhhhhhhhhhhhhhhhhhhhhhhhhhhhhhhf
ehhhhhhhhhhhhhhhhhhhhhhhhhhhhhhhhhhhhhhhhefhhhhhhhhhhhhhhhhhhhhhhhhhhhhhhhhhhhhhhhhhhhhhhhhhhhhhhhhhhhhhhhhhhhhhhhhhhhhf
ehhhhhhhhhhhhhhhhhhhhhhhhhhhhhhhhhhhhhhhhefnnnnnnnnnnnnlllhiiiiiiiiiiiiiiiiiiiiiiiiiiiiiiiiiiiiiiiiiiiiiiiiiiiiiiiiiiiif
ehhhhhhhhhhhhhhhhhhhhhhhhhhhhhhhhhhhhhhhhefiiiiiiiiiiiiiiippppppppppiiiiiiiiiiggggghhhhhhhhhhhhhhhhhhhhhhhhhhhhhhhhhhhhf
ehhhhhhhhhhhhhhhhhhhhhhhhhhhhhhhhhhhhhhhhefiiiiiiiiiiiiiiiiiiiiiiiiiiiiiiiiiiiggggghhhhhhhhhhhhhhhhhhhhhhhhhhhhhhhhhhhhf
ehhhhhhhhhhhhhhhhhhhhhhhhhhhhhhhhhhhhhhhhefmmmppjjjjjjhhhhhhhhhhhhhhhhhhhhhhhhhhhhhhhhhhhhhhhhhhhhhhhhhhhhhhhhhhhhhhhhhf
ehhhhhhhhhhhhhhhhhhhhhhhhhhhhhhhhhhhhhhhhefiiiiiiiiiiiiiiihhhhhhhhhhhhhhhhhhhhhhhhhhhhhhhhhhhhhhhhhhhhhhhhhhhhhhhhhhhhhf
ehhhhhhhhhhhhhhhhhhhhhhhhhhhhhhhhhhhhhhhhefiiiiippppppphhhhhhhhhhhhhhhhhhhhhhhhhhhhhhhhhhhhhhhhhhhhhhhhhhhhhhhhhhhhhhhhf
ehhhhhhhhhhhhhhhhhhhhhhhhhhhhhhhhhhhhhhhhefmmmffqqqqqqqnnnnnnnnhhhhhhhhhhhhhhhhhhhhhhhhhhhhhhhhhhhhhhhhhhhhhhhhhhhhhhhhf
ehhhhhhhhhhhhhhhhhhhhhhhhhhhhhhhhhhhhhhhhefiiiiiiiiiiiiiiiihhhhhhhhhhhhhhhhhhhhhhhhhhhhhhhhhhhhhhhhhhhhhhhhhhhhhhhhhhhhf
ehhhhhhhhhhhhhhhhhhhhhhhhhhhhhhhhhhhhhhhhefmmmrrhhhhhhhhhhhhhhrrrrrrrrrrrrhhhhhhhhhhhhhhhhhhhhhhhhhhhhhhhhhhhhhhhhhhhhhf
ehhhhhhhhhhhhhhhhhhhhhhhhhhhhhhhhhhhhhhhhefiiiiiiiiiiiiiiiiiiiiiiihhhhhhhhhhhhhhhhhhhhhhhhhhhhhhhhhhhhhhhhhhhhhhhhhhhhhf
ehhhhhhhhhhhhhhhhhhhhhhhhhhhhhhhhhhhhhhhhefiiiiirrrrrrrrrrrrhhiiiiiiiiihhhhhhhhhhhhhhhhhhhhhhhhhhhhhhhhhhhhhhhhhhhhhhhhf
ehhhhhhhhhhhhhhhhhhhhhhhhhhhhhhhhhhhhhhhhefhhhhhhhhhhhhhhhhhhhhhhhhhhhhhhhhhhhhhhhhhhhhhhhhhhhhhhhhhhhhhhhhhhhhhhhhhhhhf
ehhhhhhhhhhhhhhhhhhhhhhhhhhhhhhhhhhhhhhhhefhhhhhhhhhhhhhhhhhhhhhhhhhhhhhhhhhhhhhhhhhhhhhhhhhhhhhhhhhhhhhhhhhhhhhhhhhhhhf
ehhhhhhhhhhhhhhhhhhhhhhhhhhhhhhhhhhhhhhhhefhhhhhhhhhhhhhhhhhhhhhhhhhhhhhhhhhhhhhhhhhhhhhhhhhhhhhhhhhhhhhhhhhhhhhhhhhhhhf
ehhhhhhhhhhhhhhhhhhhhhhhhhhhhhhhhhhhhhhhhefhhhhhhhhhhhhhhhhhhhhhhhhhhhhhhhhhhhhhhhhhhhhhhhhhhhhhhhhhhhhhhhhhhhhhhhhhhhhf
ehhhhhhhhhhhhhhhhhhhhhhhhhhhhhhhhhhhhhhhhefhhhhhhhhhhhhhhhhhhhhhhhhhhhhhhhhhhhhhhhhhhhhhhhhhhhhhhhhhhhhhhhhhhhhhhhhhhhhf
ehhhhhhhhhhhhhhhhhhhhhhhhhhhhhhhhhhhhhhhhefhhhhhhhhhhhhhhhhhhhhhhhhhhhhhhhhhhhhhhhhhhhhhhhhhhhhhhhhhhhhhhhhhhhhhhhhhhhhf
ehhhhhhhhhhhhhhhhhhhhhhhhhhhhhhhhhhhhhhhhefhhhhhhhhhhhhhhhhhhhhhhhhhhhhhhhhhhhhhhhhhhhhhhhhhhhhhhhhhhhhhhhhhhhhhhhhhhhhf
ehhhhhhhhhhhhhhhhhhhhhhhhhhhhhhhhhhhhhhhhefhhhhhhhhhhhhhhhhhhhhhhhhhhhhhhhhhhhhhhhhhhhhhhhhhhhhhhhhhhhhhhhhhhhhhhhhhhhhf
ehhhhhhhhhhhhhhhhhhhhhhhhhhhhhhhhhhhhhhhhefhhhhhhhhhhhhhhhhhhhhhhhhhhhhhhhhhhhhhhhhhhhhhhhhhhhhhhhhhhhhhhhhhhhhhhhhhhhhf
ehhhhhhhhhhhhhhhhhhhhhhhhhhhhhhhhhhhhhhhhefhhhhhhhhhhhhhhhhhhhhhhhhhhhhhhhhhhhhhhhhhhhhhhhhhhhhhhhhhhhhhhhhhhhhhhhhhhhhf
ehhhhhhhhhhhhhhhhhhhhhhhhhhhhhhhhhhhhhhhhefhhhhhhhhhhhhhhhhhhhhhhhhhhhhhhhhhhhhhhhhhhhhhhhhhhhhhhhhhhhhhhhhhhhhhhhhhhhhf
ehhhhhhhhhhhhhhhhhhhhhhhhhhhhhhhhhhhhhhhhefhhhhhhhhhhhhhhhhhhhhhhhhhhhhhhhhhhhhhhhhhhhhhhhhhhhhhhhhhhhhhhhhhhhhhhhhhhhhf
ehhhhhhhhhhhhhhhhhhhhhhhhhhhhhhhhhhhhhhhhefhhhhhhhhhhhhhhhhhhhhhhhhhhhhhhhhhhhhhhhhhhhhhhhhhhhhhhhhhhhhhhhhhhhhhhhhhhhhf
eeeeeeeeeeeeeeeeeeeeeeeeeeeeeeeeeeeeeeeeeeffffffffffffffffffffffffffffffffffffffffffffffffffffffffffffffffffffffffffffff
hnlllllhhhnnnlllllhhhnlllllllllhhhnlllllhhhnllllllhhhhhhhhhhhhhhhhhhhhhhhhhhhhhhhhhhhhhhhhhhhhhhhhhhhhhhhhhhhhhhhhhhhhhh
--- legend ---
a fg=Some(Reset) bg=Some(Rgb(28, 30, 44)) mod=NONE
b fg=Some(White) bg=Some(Rgb(28, 30, 44)) mod=BOLD
c fg=Some(DarkGray) bg=Some(Rgb(28, 30, 44)) mod=NONE
d fg=Some(Gray) bg=Some(Rgb(28, 30, 44)) mod=NONE
e fg=Some(Magenta) bg=Some(Reset) mod=NONE
f fg=Some(Cyan) bg=Some(Reset) mod=NONE
g fg=Some(Gray) bg=Some(Reset) mod=BOLD
h fg=Some(Reset) bg=Some(Reset) mod=NONE
i fg=Some(DarkGray) bg=Some(Reset) mod=NONE
j fg=Some(DarkGray) bg=Some(Reset) mod=CROSSED_OUT
k fg=Some(White) bg=Some(Blue) mod=BOLD
l fg=Some(Gray) bg=Some(Reset) mod=NONE
m fg=Some(White) bg=Some(Reset) mod=NONE
n fg=Some(Cyan) bg=Some(Reset) mod=BOLD
o fg=Some(Red) bg=Some(Reset) mod=NONE
p fg=Some(Green) bg=Some(Reset) mod=NONE
q fg=Some(White) bg=Some(Reset) mod=BOLD
r fg=Some(Blue) bg=Some(Reset) mod=NONE
