---
source: tests/unit/commands/info/render.rs
expression: out
---
 [○ PENDING]  [· NOT VALIDATED]  [⎇ NO BRANCH]  [! 5 FEEDBACK · ⟳ 1 REVISE]                               #6 · 00000000
┌ TASK TREE ─────────────────────────────┐╔ tk ════════════════════════════════════════════════════════════════════════╗
│ ← blocked by (1)                       │║                                                                            ║
│  └─✓ 1 task 1                          │║   root task                                                                ║
│────────────────────────────────────────│║   urgency 7.5  ·  created YYYY-MM-DD hh:mm (today)                         ║
│ ▶   6 root task                        │║   modified YYYY-MM-DD hh:mm                                                ║
│────────────────────────────────────────│║                                                                            ║
│ blocks → (1)                           │║   ▎ asked  make the TUI coherent                                           ║
│  └─○ 2 task 2                          │║   ▎ why    screens drifted apart                                           ║
│                                        │║                                                                            ║
│                                        │║ ▌ DETAILS ─────────────────────────────────────────────────────────────────║
│                                        │║   Project    tk                         Priority   ▲ High                  ║
│                                        │║   Due        YYYY-MM-DD hh:mm  (due in 3 days)                             ║
│                                        │║   Tags       #tui #theme                Estimate   —                       ║
│                                        │║   Recur      —                          Depends on —                       ║
│                                        │║                                                                            ║
│                                        │║ ▌ RISKS ───────────────────────────────────────────────────────────────────║
│                                        │║   • info render is huge (ai)  ! 1 ⟳                                        ║
│                                        │║     ╰ hh:mm ⟳  reword this note                                            ║
│                                        │║                                                                            ║
│                                        │║   ⋯ 1 AI work note hidden (1 findings)  · n to view                        ║
│                                        │║                                                                            ║
│                                        │║ ▾ CHECKLIST  3 ────────────────────────────────────────────────────────────║
│                                        │║   steps       ▰▰▰▰▰▰▰▰▰▰▱▱▱▱▱▱▱▱▱▱  1/2                                    ║
│                                        │║   acceptance  ▱▱▱▱▱▱▱▱▱▱▱▱▱▱▱▱▱▱▱▱  0/1                                    ║
│                                        │║   ✓ recall                                                                 ║
│                                        │║   ◉ observe  ← next  ! 1                                                   ║
│                                        │║     why observe                                                            ║
│                                        │║     ╰ hh:mm  step needs a test                                             ║
│                                        │║   ◇ snapshots pass  acceptance                                             ║
│                                        │║     $ cargo test  → not run                                                ║
│                                        │║                                                                            ║
│                                        │║ ▾ FEEDBACK  5 ─────────────────────────────────────────────────────────────║
│                                        │║   YYYY-MM-DD hh:mm  looks good overall                                     ║
│                                        │║ ▶ YYYY-MM-DD hh:mm  ⟳ reword this note                                     ║
│                                        │║   YYYY-MM-DD hh:mm  step: "observe"  step needs a test                     ║
│                                        │║   YYYY-MM-DD hh:mm  accept: "snapshots pass"  accept is vague              ║
│                                        │║   YYYY-MM-DD hh:mm  dangling                                               ║
│                                        │║                                                                            ║
│                                        │║                                                                            ║
│                                        │║                                                                            ║
│                                        │║                                                                            ║
│                                        │║                                                                            ║
│                                        │║                                                                            ║
│                                        │║                                                                            ║
│                                        │║                                                                            ║
│                                        │║                                                                            ║
│                                        │║                                                                            ║
│                                        │║                                                                            ║
│                                        │║                                                                            ║
│                                        │║                                                                            ║
│                                        │║                                                                            ║
│                                        │║                                                                            ║
│                                        │║                                                                            ║
│                                        │║                                                                            ║
│                                        │║                                                                            ║
│                                        │║                                                                            ║
│                                        │║                                                                            ║
└────────────────────────────────────────┘╚════════════════════════════════════════════════════════════════════════════╝
 ⏎ reply   x resolve   j/k move   a add step   ? help   q close
--- styles ---
abbbbbbbbbbbaacccccccccccccccccaacccccccccccccaadddddddddddddddddddddddddddaaaaaaaaaaaaaaaaaaaaaaaaaaaaaaaeeeeeeeeeeeeea
ffffffffffffffffffffffffffffffffffffffffffgggggggggggggggggggggggggggggggggggggggggggggggggggggggggggggggggggggggggggggg
fhhhhhhhhhhhhhhhhhiiiiiiiiiiiiiiiiiiiiiiifgiiiiiiiiiiiiiiiiiiiiiiiiiiiiiiiiiiiiiiiiiiiiiiiiiiiiiiiiiiiiiiiiiiiiiiiiiiiig
fjjjjkkkkkkkkkkiiiiiiiiiiiiiiiiiiiiiiiiiifglllllllllllliiiiiiiiiiiiiiiiiiiiiiiiiiiiiiiiiiiiiiiiiiiiiiiiiiiiiiiiiiiiiiiig
fjjjjjjjjjjjjjjjjjjjjjjjjjjjjjjjjjjjjjjjjfgiiijjjjjjjjmmmjjjjjjjjjjjjjjjjjjjjjjjjjjjjjjjjjjjjjiiiiiiiiiiiiiiiiiiiiiiiiig
fnnnnnnnnnnnnnnnniiiiiiiiiiiiiiiiiiiiiiiifgiiijjjjjjjjjjjjjjjjjjjjjjjjjiiiiiiiiiiiiiiiiiiiiiiiiiiiiiiiiiiiiiiiiiiiiiiiig
fjjjjjjjjjjjjjjjjjjjjjjjjjjjjjjjjjjjjjjjjfgiiiiiiiiiiiiiiiiiiiiiiiiiiiiiiiiiiiiiiiiiiiiiiiiiiiiiiiiiiiiiiiiiiiiiiiiiiiig
fhhhhhhhhhhhhhiiiiiiiiiiiiiiiiiiiiiiiiiiifggggggjjjjjjjoooooooooooooooooooooiiiiiiiiiiiiiiiiiiiiiiiiiiiiiiiiiiiiiiiiiiig
fjjjjggggggggggiiiiiiiiiiiiiiiiiiiiiiiiiifggggggjjjjjjjmmmmmmmmmmmmmmmmmmmmmiiiiiiiiiiiiiiiiiiiiiiiiiiiiiiiiiiiiiiiiiiig
fiiiiiiiiiiiiiiiiiiiiiiiiiiiiiiiiiiiiiiiifgiiiiiiiiiiiiiiiiiiiiiiiiiiiiiiiiiiiiiiiiiiiiiiiiiiiiiiiiiiiiiiiiiiiiiiiiiiiig
fiiiiiiiiiiiiiiiiiiiiiiiiiiiiiiiiiiiiiiiifgppppppppppijjjjjjjjjjjjjjjjjjjjjjjjjjjjjjjjjjjjjjjjjjjjjjjjjjjjjjjjjjjjjjjjjg
fiiiiiiiiiiiiiiiiiiiiiiiiiiiiiiiiiiiiiiiifgjjjjjjjjjjjjjjiiiiiiiiiiiiiiiiiiiiiiiijjjjjjjjjjjjjjqqqqqqiiiiiiiiiiiiiiiiiig
fiiiiiiiiiiiiiiiiiiiiiiiiiiiiiiiiiiiiiiiifgjjjjjjjjjjjjjjiiiiiiiiiiiiiiiiiiiiiiiiiiiiiiiiiiiiiiiiiiiiiiiiiiiiiiiiiiiiiig
fiiiiiiiiiiiiiiiiiiiiiiiiiiiiiiiiiiiiiiiifgjjjjjjjjjjjjjjffffiffffffiiiiiiiiiiiiijjjjjjjjjjjjjjjiiiiiiiiiiiiiiiiiiiiiiig
fiiiiiiiiiiiiiiiiiiiiiiiiiiiiiiiiiiiiiiiifgjjjjjjjjjjjjjjjiiiiiiiiiiiiiiiiiiiiiiijjjjjjjjjjjjjjjiiiiiiiiiiiiiiiiiiiiiiig
fiiiiiiiiiiiiiiiiiiiiiiiiiiiiiiiiiiiiiiiifgiiiiiiiiiiiiiiiiiiiiiiiiiiiiiiiiiiiiiiiiiiiiiiiiiiiiiiiiiiiiiiiiiiiiiiiiiiiig
fiiiiiiiiiiiiiiiiiiiiiiiiiiiiiiiiiiiiiiiifgppppppppijjjjjjjjjjjjjjjjjjjjjjjjjjjjjjjjjjjjjjjjjjjjjjjjjjjjjjjjjjjjjjjjjjjg
fiiiiiiiiiiiiiiiiiiiiiiiiiiiiiiiiiiiiiiiifgmmmmmiiiiiiiiiiiiiiiiiiifffffppppprriiiiiiiiiiiiiiiiiiiiiiiiiiiiiiiiiiiiiiiig
fiiiiiiiiiiiiiiiiiiiiiiiiiiiiiiiiiiiiiiiifgjjjjjjjjjjjjjjjjjjjjjjjjjjjjjjjjiiiiiiiiiiiiiiiiiiiiiiiiiiiiiiiiiiiiiiiiiiiig
fiiiiiiiiiiiiiiiiiiiiiiiiiiiiiiiiiiiiiiiifgiiiiiiiiiiiiiiiiiiiiiiiiiiiiiiiiiiiiiiiiiiiiiiiiiiiiiiiiiiiiiiiiiiiiiiiiiiiig
fiiiiiiiiiiiiiiiiiiiiiiiiiiiiiiiiiiiiiiiifgssssssssssssssssssssssssssssssssssssssssssssssssssssiiiiiiiiiiiiiiiiiiiiiiiig
fiiiiiiiiiiiiiiiiiiiiiiiiiiiiiiiiiiiiiiiifgiiiiiiiiiiiiiiiiiiiiiiiiiiiiiiiiiiiiiiiiiiiiiiiiiiiiiiiiiiiiiiiiiiiiiiiiiiiig
fiiiiiiiiiiiiiiiiiiiiiiiiiiiiiiiiiiiiiiiifgppppppppppppmmmijjjjjjjjjjjjjjjjjjjjjjjjjjjjjjjjjjjjjjjjjjjjjjjjjjjjjjjjjjjjg
fiiiiiiiiiiiiiiiiiiiiiiiiiiiiiiiiiiiiiiiifgjjjjjjjjjjjjjjjttttttttttjjjjjjjjjjhhhhhiiiiiiiiiiiiiiiiiiiiiiiiiiiiiiiiiiiig
fiiiiiiiiiiiiiiiiiiiiiiiiiiiiiiiiiiiiiiiifgjjjjjjjjjjjjjjjjjjjjjjjjjjjjjjjjjjjhhhhhiiiiiiiiiiiiiiiiiiiiiiiiiiiiiiiiiiiig
fiiiiiiiiiiiiiiiiiiiiiiiiiiiiiiiiiiiiiiiifgooottkkkkkkiiiiiiiiiiiiiiiiiiiiiiiiiiiiiiiiiiiiiiiiiiiiiiiiiiiiiiiiiiiiiiiiig
fiiiiiiiiiiiiiiiiiiiiiiiiiiiiiiiiiiiiiiiifgooogglllllllpppppppppppppiiiiiiiiiiiiiiiiiiiiiiiiiiiiiiiiiiiiiiiiiiiiiiiiiiig
fiiiiiiiiiiiiiiiiiiiiiiiiiiiiiiiiiiiiiiiifgjjjjjjjjjjjjjjjjiiiiiiiiiiiiiiiiiiiiiiiiiiiiiiiiiiiiiiiiiiiiiiiiiiiiiiiiiiiig
fiiiiiiiiiiiiiiiiiiiiiiiiiiiiiiiiiiiiiiiifgjjjjjjjjjjjjjjjjjjjjjjjjjjjjjjjiiiiiiiiiiiiiiiiiiiiiiiiiiiiiiiiiiiiiiiiiiiiig
fiiiiiiiiiiiiiiiiiiiiiiiiiiiiiiiiiiiiiiiifgooouuiiiiiiiiiiiiiiuuuuuuuuuuuuiiiiiiiiiiiiiiiiiiiiiiiiiiiiiiiiiiiiiiiiiiiiig
fiiiiiiiiiiiiiiiiiiiiiiiiiiiiiiiiiiiiiiiifgjjjjjuuuuuuuuuuuuiijjjjjjjjjiiiiiiiiiiiiiiiiiiiiiiiiiiiiiiiiiiiiiiiiiiiiiiiig
fiiiiiiiiiiiiiiiiiiiiiiiiiiiiiiiiiiiiiiiifgiiiiiiiiiiiiiiiiiiiiiiiiiiiiiiiiiiiiiiiiiiiiiiiiiiiiiiiiiiiiiiiiiiiiiiiiiiiig
fiiiiiiiiiiiiiiiiiiiiiiiiiiiiiiiiiiiiiiiifgpppppppppppmmmijjjjjjjjjjjjjjjjjjjjjjjjjjjjjjjjjjjjjjjjjjjjjjjjjjjjjjjjjjjjjg
fiiiiiiiiiiiiiiiiiiiiiiiiiiiiiiiiiiiiiiiifgjjjjjjjjjjjjjjjjjjjjjiiiiiiiiiiiiiiiiiiiiiiiiiiiiiiiiiiiiiiiiiiiiiiiiiiiiiiig
fiiiiiiiiiiiiiiiiiiiiiiiiiiiiiiiiiiiiiiiifgvvvvvvvvvvvvvvvvvvvvvrrvvvvvvvvvvvvvvvviiiiiiiiiiiiiiiiiiiiiiiiiiiiiiiiiiiiig
fiiiiiiiiiiiiiiiiiiiiiiiiiiiiiiiiiiiiiiiifgjjjjjjjjjjjjjjjjjjjjjgggggggggggggggggiiiiiiiiiiiiiiiiiiiiiiiiiiiiiiiiiiiiiig
fiiiiiiiiiiiiiiiiiiiiiiiiiiiiiiiiiiiiiiiifgjjjjjjjjjjjjjjjjjjjjjggggggggggggggggggggggggggkkkkkkkkkkkkkkkiiiiiiiiiiiiiig
fiiiiiiiiiiiiiiiiiiiiiiiiiiiiiiiiiiiiiiiifgjjjjjjjjjjjjjjjjjjjjjiiiiiiiiiiiiiiiiiiiiiiiiiiiiiiiiiiiiiiiiiiiiiiiiiiiiiiig
fiiiiiiiiiiiiiiiiiiiiiiiiiiiiiiiiiiiiiiiifgiiiiiiiiiiiiiiiiiiiiiiiiiiiiiiiiiiiiiiiiiiiiiiiiiiiiiiiiiiiiiiiiiiiiiiiiiiiig
fiiiiiiiiiiiiiiiiiiiiiiiiiiiiiiiiiiiiiiiifgiiiiiiiiiiiiiiiiiiiiiiiiiiiiiiiiiiiiiiiiiiiiiiiiiiiiiiiiiiiiiiiiiiiiiiiiiiiig
fiiiiiiiiiiiiiiiiiiiiiiiiiiiiiiiiiiiiiiiifgiiiiiiiiiiiiiiiiiiiiiiiiiiiiiiiiiiiiiiiiiiiiiiiiiiiiiiiiiiiiiiiiiiiiiiiiiiiig
fiiiiiiiiiiiiiiiiiiiiiiiiiiiiiiiiiiiiiiiifgiiiiiiiiiiiiiiiiiiiiiiiiiiiiiiiiiiiiiiiiiiiiiiiiiiiiiiiiiiiiiiiiiiiiiiiiiiiig
fiiiiiiiiiiiiiiiiiiiiiiiiiiiiiiiiiiiiiiiifgiiiiiiiiiiiiiiiiiiiiiiiiiiiiiiiiiiiiiiiiiiiiiiiiiiiiiiiiiiiiiiiiiiiiiiiiiiiig
fiiiiiiiiiiiiiiiiiiiiiiiiiiiiiiiiiiiiiiiifgiiiiiiiiiiiiiiiiiiiiiiiiiiiiiiiiiiiiiiiiiiiiiiiiiiiiiiiiiiiiiiiiiiiiiiiiiiiig
fiiiiiiiiiiiiiiiiiiiiiiiiiiiiiiiiiiiiiiiifgiiiiiiiiiiiiiiiiiiiiiiiiiiiiiiiiiiiiiiiiiiiiiiiiiiiiiiiiiiiiiiiiiiiiiiiiiiiig
fiiiiiiiiiiiiiiiiiiiiiiiiiiiiiiiiiiiiiiiifgiiiiiiiiiiiiiiiiiiiiiiiiiiiiiiiiiiiiiiiiiiiiiiiiiiiiiiiiiiiiiiiiiiiiiiiiiiiig
fiiiiiiiiiiiiiiiiiiiiiiiiiiiiiiiiiiiiiiiifgiiiiiiiiiiiiiiiiiiiiiiiiiiiiiiiiiiiiiiiiiiiiiiiiiiiiiiiiiiiiiiiiiiiiiiiiiiiig
fiiiiiiiiiiiiiiiiiiiiiiiiiiiiiiiiiiiiiiiifgiiiiiiiiiiiiiiiiiiiiiiiiiiiiiiiiiiiiiiiiiiiiiiiiiiiiiiiiiiiiiiiiiiiiiiiiiiiig
fiiiiiiiiiiiiiiiiiiiiiiiiiiiiiiiiiiiiiiiifgiiiiiiiiiiiiiiiiiiiiiiiiiiiiiiiiiiiiiiiiiiiiiiiiiiiiiiiiiiiiiiiiiiiiiiiiiiiig
fiiiiiiiiiiiiiiiiiiiiiiiiiiiiiiiiiiiiiiiifgiiiiiiiiiiiiiiiiiiiiiiiiiiiiiiiiiiiiiiiiiiiiiiiiiiiiiiiiiiiiiiiiiiiiiiiiiiiig
fiiiiiiiiiiiiiiiiiiiiiiiiiiiiiiiiiiiiiiiifgiiiiiiiiiiiiiiiiiiiiiiiiiiiiiiiiiiiiiiiiiiiiiiiiiiiiiiiiiiiiiiiiiiiiiiiiiiiig
fiiiiiiiiiiiiiiiiiiiiiiiiiiiiiiiiiiiiiiiifgiiiiiiiiiiiiiiiiiiiiiiiiiiiiiiiiiiiiiiiiiiiiiiiiiiiiiiiiiiiiiiiiiiiiiiiiiiiig
fiiiiiiiiiiiiiiiiiiiiiiiiiiiiiiiiiiiiiiiifgiiiiiiiiiiiiiiiiiiiiiiiiiiiiiiiiiiiiiiiiiiiiiiiiiiiiiiiiiiiiiiiiiiiiiiiiiiiig
fiiiiiiiiiiiiiiiiiiiiiiiiiiiiiiiiiiiiiiiifgiiiiiiiiiiiiiiiiiiiiiiiiiiiiiiiiiiiiiiiiiiiiiiiiiiiiiiiiiiiiiiiiiiiiiiiiiiiig
fiiiiiiiiiiiiiiiiiiiiiiiiiiiiiiiiiiiiiiiifgiiiiiiiiiiiiiiiiiiiiiiiiiiiiiiiiiiiiiiiiiiiiiiiiiiiiiiiiiiiiiiiiiiiiiiiiiiiig
fiiiiiiiiiiiiiiiiiiiiiiiiiiiiiiiiiiiiiiiifgiiiiiiiiiiiiiiiiiiiiiiiiiiiiiiiiiiiiiiiiiiiiiiiiiiiiiiiiiiiiiiiiiiiiiiiiiiiig
fiiiiiiiiiiiiiiiiiiiiiiiiiiiiiiiiiiiiiiiifgiiiiiiiiiiiiiiiiiiiiiiiiiiiiiiiiiiiiiiiiiiiiiiiiiiiiiiiiiiiiiiiiiiiiiiiiiiiig
fiiiiiiiiiiiiiiiiiiiiiiiiiiiiiiiiiiiiiiiifgiiiiiiiiiiiiiiiiiiiiiiiiiiiiiiiiiiiiiiiiiiiiiiiiiiiiiiiiiiiiiiiiiiiiiiiiiiiig
ffffffffffffffffffffffffffffffffffffffffffgggggggggggggggggggggggggggggggggggggggggggggggggggggggggggggggggggggggggggggg
ipmmmmmmiiipmmmmmmmmiiipppmmmmmiiipmmmmmmmmmiiipmmmmmiiipmmmmmmiiiiiiiiiiiiiiiiiiiiiiiiiiiiiiiiiiiiiiiiiiiiiiiiiiiiiiiii
--- legend ---
a fg=Some(Reset) bg=Some(Rgb(28, 30, 44)) mod=NONE
b fg=Some(White) bg=Some(Rgb(28, 30, 44)) mod=BOLD
c fg=Some(DarkGray) bg=Some(Rgb(28, 30, 44)) mod=NONE
d fg=Some(Yellow) bg=Some(Rgb(28, 30, 44)) mod=BOLD
e fg=Some(Gray) bg=Some(Rgb(28, 30, 44)) mod=NONE
f fg=Some(Magenta) bg=Some(Reset) mod=NONE
g fg=Some(Cyan) bg=Some(Reset) mod=NONE
h fg=Some(Gray) bg=Some(Reset) mod=BOLD
i fg=Some(Reset) bg=Some(Reset) mod=NONE
j fg=Some(DarkGray) bg=Some(Reset) mod=NONE
k fg=Some(DarkGray) bg=Some(Reset) mod=CROSSED_OUT
l fg=Some(White) bg=Some(Reset) mod=BOLD
m fg=Some(Gray) bg=Some(Reset) mod=NONE
n fg=Some(White) bg=Some(Blue) mod=BOLD
o fg=Some(White) bg=Some(Reset) mod=NONE
p fg=Some(Cyan) bg=Some(Reset) mod=BOLD
q fg=Some(Red) bg=Some(Reset) mod=NONE
r fg=Some(Yellow) bg=Some(Reset) mod=NONE
s fg=Some(DarkGray) bg=Some(Reset) mod=ITALIC
t fg=Some(Green) bg=Some(Reset) mod=NONE
u fg=Some(Blue) bg=Some(Reset) mod=NONE
v fg=Some(White) bg=Some(Blue) mod=NONE
