---
source: tests/unit/commands/info/render.rs
expression: out
---
 [○ PENDING]  [⚠ STALE @abc12345 · HEAD def67890]  [⎇ feat/info]  [! 1 FEEDBACK · ⟳ 1 REVISE]             #6 · 00000000
┌ TASK TREE ─────────────────────────────┐╔ tk ════════════════════════════════════════════════════════════════════════╗
│ ← blocked by (1)                       │║                                                                            ║
│  └─✓ 1 task 1                          │║ ▶ root task                                                                ║
│────────────────────────────────────────│║   urgency 7.5  ·  created YYYY-MM-DD hh:mm (today)                         ║
│ ▶   6 root task                        │║   modified YYYY-MM-DD hh:mm                                                ║
│────────────────────────────────────────│║                                                                            ║
│ blocks → (1)                           │║   ▎ asked  make the TUI coherent                                           ║
│  └─○ 2 task 2                          │║   ▎ why    screens drifted apart                                           ║
└────────────────────────────────────────┘║                                                                            ║
┌ GIT ───────────────────────────────────┐║ ▌ DETAILS ─────────────────────────────────────────────────────────────────║
│ ⎇ feat/info                            │║   Project    tk                         Priority   ▲ High                  ║
│                                        │║   Due        YYYY-MM-DD hh:mm  (due in 3 days)                             ║
│                                        │║   Tags       #tui #theme                Estimate   —                       ║
│                                        │║   Recur      —                          Depends on —                       ║
│                                        │║                                                                            ║
│                                        │║ ▌ RISKS ───────────────────────────────────────────────────────────────────║
│                                        │║   • info render is huge (ai)                                               ║
│                                        │║                                                                            ║
│                                        │║   ⋯ 1 AI work note hidden (1 findings)  · n to view                        ║
│                                        │║                                                                            ║
│                                        │║ ▾ CHECKLIST  4 ────────────────────────────────────────────────────────────║
│                                        │║   steps       ▰▰▰▰▰▰▰▰▰▰▱▱▱▱▱▱▱▱▱▱  1/2                                    ║
│                                        │║   acceptance  ▰▰▰▰▰▰▰▰▰▰▱▱▱▱▱▱▱▱▱▱  1/2                                    ║
│                                        │║   ✓ recall                                                                 ║
│                                        │║   ◉ observe  ← next  ! 1 ⟳                                                 ║
│                                        │║     why observe                                                            ║
│                                        │║     ╰ hh:mm ⟳  tighten this                                                ║
│                                        │║   ◇ snapshots pass  acceptance                                             ║
│                                        │║     $ cargo test  → not run                                                ║
│                                        │║   ✓ clippy clean  acceptance                                               ║
│                                        │║     $ cargo test  → green                                                  ║
│                                        │║                                                                            ║
│                                        │║ ▾ FEEDBACK  1 ─────────────────────────────────────────────────────────────║
│                                        │║   YYYY-MM-DD hh:mm  step: "observe"  ⟳ tighten this                        ║
│                                        │║                                                                            ║
│                                        │║                                                                            ║
│                                        │║                                                                            ║
│                                        │║                                                                            ║
│                                        │║                                                                            ║
│                                        │║                                                                            ║
│                                        │║                                                                            ║
│                                        │║                                                                            ║
│                                        │║                                                                            ║
│                                        │║                                                                            ║
│                                        │║                                                                            ║
└────────────────────────────────────────┘╚════════════════════════════════════════════════════════════════════════════╝
 e edit   j/k move   a add step   ? help   q close
--- styles ---
abbbbbbbbbbbaacccccccccccccccccccccccccccccccccccaadddddddddddddaacccccccccccccccccccccccccccaaaaaaaaaaaaaeeeeeeeeeeeeea
ffffffffffffffffffffffffffffffffffffffffffgggggggggggggggggggggggggggggggggggggggggggggggggggggggggggggggggggggggggggggg
fhhhhhhhhhhhhhhhhhiiiiiiiiiiiiiiiiiiiiiiifgiiiiiiiiiiiiiiiiiiiiiiiiiiiiiiiiiiiiiiiiiiiiiiiiiiiiiiiiiiiiiiiiiiiiiiiiiiiig
fjjjjkkkkkkkkkkiiiiiiiiiiiiiiiiiiiiiiiiiifglllllllllllliiiiiiiiiiiiiiiiiiiiiiiiiiiiiiiiiiiiiiiiiiiiiiiiiiiiiiiiiiiiiiiig
fjjjjjjjjjjjjjjjjjjjjjjjjjjjjjjjjjjjjjjjjfgiiijjjjjjjjmmmjjjjjjjjjjjjjjjjjjjjjjjjjjjjjjjjjjjjjiiiiiiiiiiiiiiiiiiiiiiiiig
flllllllllllllllliiiiiiiiiiiiiiiiiiiiiiiifgiiijjjjjjjjjjjjjjjjjjjjjjjjjiiiiiiiiiiiiiiiiiiiiiiiiiiiiiiiiiiiiiiiiiiiiiiiig
fjjjjjjjjjjjjjjjjjjjjjjjjjjjjjjjjjjjjjjjjfgiiiiiiiiiiiiiiiiiiiiiiiiiiiiiiiiiiiiiiiiiiiiiiiiiiiiiiiiiiiiiiiiiiiiiiiiiiiig
fhhhhhhhhhhhhhiiiiiiiiiiiiiiiiiiiiiiiiiiifggggggjjjjjjjnnnnnnnnnnnnnnnnnnnnniiiiiiiiiiiiiiiiiiiiiiiiiiiiiiiiiiiiiiiiiiig
fjjjjggggggggggiiiiiiiiiiiiiiiiiiiiiiiiiifggggggjjjjjjjmmmmmmmmmmmmmmmmmmmmmiiiiiiiiiiiiiiiiiiiiiiiiiiiiiiiiiiiiiiiiiiig
ffffffffffffffffffffffffffffffffffffffffffgiiiiiiiiiiiiiiiiiiiiiiiiiiiiiiiiiiiiiiiiiiiiiiiiiiiiiiiiiiiiiiiiiiiiiiiiiiiig
jjjjjjjjjjjjjjjjjjjjjjjjjjjjjjjjjjjjjjjjjjgooooooooooijjjjjjjjjjjjjjjjjjjjjjjjjjjjjjjjjjjjjjjjjjjjjjjjjjjjjjjjjjjjjjjjjg
jjjjoooooooooiiiiiiiiiiiiiiiiiiiiiiiiiiiijgjjjjjjjjjjjjjjiiiiiiiiiiiiiiiiiiiiiiiijjjjjjjjjjjjjjppppppiiiiiiiiiiiiiiiiiig
jiiiiiiiiiiiiiiiiiiiiiiiiiiiiiiiiiiiiiiiijgjjjjjjjjjjjjjjiiiiiiiiiiiiiiiiiiiiiiiiiiiiiiiiiiiiiiiiiiiiiiiiiiiiiiiiiiiiiig
jiiiiiiiiiiiiiiiiiiiiiiiiiiiiiiiiiiiiiiiijgjjjjjjjjjjjjjjffffiffffffiiiiiiiiiiiiijjjjjjjjjjjjjjjiiiiiiiiiiiiiiiiiiiiiiig
jiiiiiiiiiiiiiiiiiiiiiiiiiiiiiiiiiiiiiiiijgjjjjjjjjjjjjjjjiiiiiiiiiiiiiiiiiiiiiiijjjjjjjjjjjjjjjiiiiiiiiiiiiiiiiiiiiiiig
jiiiiiiiiiiiiiiiiiiiiiiiiiiiiiiiiiiiiiiiijgiiiiiiiiiiiiiiiiiiiiiiiiiiiiiiiiiiiiiiiiiiiiiiiiiiiiiiiiiiiiiiiiiiiiiiiiiiiig
jiiiiiiiiiiiiiiiiiiiiiiiiiiiiiiiiiiiiiiiijgooooooooijjjjjjjjjjjjjjjjjjjjjjjjjjjjjjjjjjjjjjjjjjjjjjjjjjjjjjjjjjjjjjjjjjjg
jiiiiiiiiiiiiiiiiiiiiiiiiiiiiiiiiiiiiiiiijgmmmmmiiiiiiiiiiiiiiiiiiifffffiiiiiiiiiiiiiiiiiiiiiiiiiiiiiiiiiiiiiiiiiiiiiiig
jiiiiiiiiiiiiiiiiiiiiiiiiiiiiiiiiiiiiiiiijgiiiiiiiiiiiiiiiiiiiiiiiiiiiiiiiiiiiiiiiiiiiiiiiiiiiiiiiiiiiiiiiiiiiiiiiiiiiig
jiiiiiiiiiiiiiiiiiiiiiiiiiiiiiiiiiiiiiiiijgqqqqqqqqqqqqqqqqqqqqqqqqqqqqqqqqqqqqqqqqqqqqqqqqqqqqiiiiiiiiiiiiiiiiiiiiiiiig
jiiiiiiiiiiiiiiiiiiiiiiiiiiiiiiiiiiiiiiiijgiiiiiiiiiiiiiiiiiiiiiiiiiiiiiiiiiiiiiiiiiiiiiiiiiiiiiiiiiiiiiiiiiiiiiiiiiiiig
jiiiiiiiiiiiiiiiiiiiiiiiiiiiiiiiiiiiiiiiijgoooooooooooommmijjjjjjjjjjjjjjjjjjjjjjjjjjjjjjjjjjjjjjjjjjjjjjjjjjjjjjjjjjjjg
jiiiiiiiiiiiiiiiiiiiiiiiiiiiiiiiiiiiiiiiijgjjjjjjjjjjjjjjjrrrrrrrrrrjjjjjjjjjjhhhhhiiiiiiiiiiiiiiiiiiiiiiiiiiiiiiiiiiiig
jiiiiiiiiiiiiiiiiiiiiiiiiiiiiiiiiiiiiiiiijgjjjjjjjjjjjjjjjrrrrrrrrrrjjjjjjjjjjhhhhhiiiiiiiiiiiiiiiiiiiiiiiiiiiiiiiiiiiig
jiiiiiiiiiiiiiiiiiiiiiiiiiiiiiiiiiiiiiiiijgnnnrrkkkkkkiiiiiiiiiiiiiiiiiiiiiiiiiiiiiiiiiiiiiiiiiiiiiiiiiiiiiiiiiiiiiiiiig
jiiiiiiiiiiiiiiiiiiiiiiiiiiiiiiiiiiiiiiiijgnnnggsssssssooooooooooooottiiiiiiiiiiiiiiiiiiiiiiiiiiiiiiiiiiiiiiiiiiiiiiiiig
jiiiiiiiiiiiiiiiiiiiiiiiiiiiiiiiiiiiiiiiijgjjjjjjjjjjjjjjjjiiiiiiiiiiiiiiiiiiiiiiiiiiiiiiiiiiiiiiiiiiiiiiiiiiiiiiiiiiiig
jiiiiiiiiiiiiiiiiiiiiiiiiiiiiiiiiiiiiiiiijgjjjjjjjjjjjjjjjjjjjjjjjjjjjjiiiiiiiiiiiiiiiiiiiiiiiiiiiiiiiiiiiiiiiiiiiiiiiig
jiiiiiiiiiiiiiiiiiiiiiiiiiiiiiiiiiiiiiiiijgnnnuuiiiiiiiiiiiiiiuuuuuuuuuuuuiiiiiiiiiiiiiiiiiiiiiiiiiiiiiiiiiiiiiiiiiiiiig
jiiiiiiiiiiiiiiiiiiiiiiiiiiiiiiiiiiiiiiiijgjjjjjuuuuuuuuuuuuiijjjjjjjjjiiiiiiiiiiiiiiiiiiiiiiiiiiiiiiiiiiiiiiiiiiiiiiiig
jiiiiiiiiiiiiiiiiiiiiiiiiiiiiiiiiiiiiiiiijgnnnrrkkkkkkkkkkkkuuuuuuuuuuuuiiiiiiiiiiiiiiiiiiiiiiiiiiiiiiiiiiiiiiiiiiiiiiig
jiiiiiiiiiiiiiiiiiiiiiiiiiiiiiiiiiiiiiiiijgjjjjjuuuuuuuuuuuuiirrrrrrriiiiiiiiiiiiiiiiiiiiiiiiiiiiiiiiiiiiiiiiiiiiiiiiiig
jiiiiiiiiiiiiiiiiiiiiiiiiiiiiiiiiiiiiiiiijgiiiiiiiiiiiiiiiiiiiiiiiiiiiiiiiiiiiiiiiiiiiiiiiiiiiiiiiiiiiiiiiiiiiiiiiiiiiig
jiiiiiiiiiiiiiiiiiiiiiiiiiiiiiiiiiiiiiiiijgooooooooooommmijjjjjjjjjjjjjjjjjjjjjjjjjjjjjjjjjjjjjjjjjjjjjjjjjjjjjjjjjjjjjg
jiiiiiiiiiiiiiiiiiiiiiiiiiiiiiiiiiiiiiiiijgjjjjjjjjjjjjjjjjjjjjjgggggggggggggggggttiiiiiiiiiiiiiiiiiiiiiiiiiiiiiiiiiiiig
jiiiiiiiiiiiiiiiiiiiiiiiiiiiiiiiiiiiiiiiijgiiiiiiiiiiiiiiiiiiiiiiiiiiiiiiiiiiiiiiiiiiiiiiiiiiiiiiiiiiiiiiiiiiiiiiiiiiiig
jiiiiiiiiiiiiiiiiiiiiiiiiiiiiiiiiiiiiiiiijgiiiiiiiiiiiiiiiiiiiiiiiiiiiiiiiiiiiiiiiiiiiiiiiiiiiiiiiiiiiiiiiiiiiiiiiiiiiig
jiiiiiiiiiiiiiiiiiiiiiiiiiiiiiiiiiiiiiiiijgiiiiiiiiiiiiiiiiiiiiiiiiiiiiiiiiiiiiiiiiiiiiiiiiiiiiiiiiiiiiiiiiiiiiiiiiiiiig
jiiiiiiiiiiiiiiiiiiiiiiiiiiiiiiiiiiiiiiiijgiiiiiiiiiiiiiiiiiiiiiiiiiiiiiiiiiiiiiiiiiiiiiiiiiiiiiiiiiiiiiiiiiiiiiiiiiiiig
jiiiiiiiiiiiiiiiiiiiiiiiiiiiiiiiiiiiiiiiijgiiiiiiiiiiiiiiiiiiiiiiiiiiiiiiiiiiiiiiiiiiiiiiiiiiiiiiiiiiiiiiiiiiiiiiiiiiiig
jiiiiiiiiiiiiiiiiiiiiiiiiiiiiiiiiiiiiiiiijgiiiiiiiiiiiiiiiiiiiiiiiiiiiiiiiiiiiiiiiiiiiiiiiiiiiiiiiiiiiiiiiiiiiiiiiiiiiig
jiiiiiiiiiiiiiiiiiiiiiiiiiiiiiiiiiiiiiiiijgiiiiiiiiiiiiiiiiiiiiiiiiiiiiiiiiiiiiiiiiiiiiiiiiiiiiiiiiiiiiiiiiiiiiiiiiiiiig
jiiiiiiiiiiiiiiiiiiiiiiiiiiiiiiiiiiiiiiiijgiiiiiiiiiiiiiiiiiiiiiiiiiiiiiiiiiiiiiiiiiiiiiiiiiiiiiiiiiiiiiiiiiiiiiiiiiiiig
jiiiiiiiiiiiiiiiiiiiiiiiiiiiiiiiiiiiiiiiijgiiiiiiiiiiiiiiiiiiiiiiiiiiiiiiiiiiiiiiiiiiiiiiiiiiiiiiiiiiiiiiiiiiiiiiiiiiiig
jiiiiiiiiiiiiiiiiiiiiiiiiiiiiiiiiiiiiiiiijgiiiiiiiiiiiiiiiiiiiiiiiiiiiiiiiiiiiiiiiiiiiiiiiiiiiiiiiiiiiiiiiiiiiiiiiiiiiig
jiiiiiiiiiiiiiiiiiiiiiiiiiiiiiiiiiiiiiiiijgiiiiiiiiiiiiiiiiiiiiiiiiiiiiiiiiiiiiiiiiiiiiiiiiiiiiiiiiiiiiiiiiiiiiiiiiiiiig
jjjjjjjjjjjjjjjjjjjjjjjjjjjjjjjjjjjjjjjjjjgggggggggggggggggggggggggggggggggggggggggggggggggggggggggggggggggggggggggggggg
iommmmmiiiooommmmmiiiommmmmmmmmiiiommmmmiiiommmmmmiiiiiiiiiiiiiiiiiiiiiiiiiiiiiiiiiiiiiiiiiiiiiiiiiiiiiiiiiiiiiiiiiiiiii
--- legend ---
a fg=Some(Reset) bg=Some(Rgb(28, 30, 44)) mod=NONE
b fg=Some(White) bg=Some(Rgb(28, 30, 44)) mod=BOLD
c fg=Some(Yellow) bg=Some(Rgb(28, 30, 44)) mod=BOLD
d fg=Some(Blue) bg=Some(Rgb(28, 30, 44)) mod=NONE
e fg=Some(Gray) bg=Some(Rgb(28, 30, 44)) mod=NONE
f fg=Some(Magenta) bg=Some(Reset) mod=NONE
g fg=Some(Cyan) bg=Some(Reset) mod=NONE
h fg=Some(Gray) bg=Some(Reset) mod=BOLD
i fg=Some(Reset) bg=Some(Reset) mod=NONE
j fg=Some(DarkGray) bg=Some(Reset) mod=NONE
k fg=Some(DarkGray) bg=Some(Reset) mod=CROSSED_OUT
l fg=Some(White) bg=Some(Blue) mod=BOLD
m fg=Some(Gray) bg=Some(Reset) mod=NONE
n fg=Some(White) bg=Some(Reset) mod=NONE
o fg=Some(Cyan) bg=Some(Reset) mod=BOLD
p fg=Some(Red) bg=Some(Reset) mod=NONE
q fg=Some(DarkGray) bg=Some(Reset) mod=ITALIC
r fg=Some(Green) bg=Some(Reset) mod=NONE
s fg=Some(White) bg=Some(Reset) mod=BOLD
t fg=Some(Yellow) bg=Some(Reset) mod=NONE
u fg=Some(Blue) bg=Some(Reset) mod=NONE
