---
source: tests/unit/commands/info/render.rs
expression: out
---
┌ Task 6 ────────────────────────────────────────────────────────────────────────────────┐
│   Description root task                                                                │
│   Project     tk                                                                       │
│ ▶ Priority    High                                                                     │
│   Due         YYYY-MM-DD hh:mm  (due in 3 days)                                        │
│   Tags        tui, theme                                                               │
│   Estimate    -                                                                        │
│   Recur       -                                                                        │
│   Depends on  -                                                                        │
│  Time spent  -                                                                         │
│  Urgency     7.5                                                                       │
│  Entered     YYYY-MM-DD hh:mm  (today)                                                 │
│  Modified    YYYY-MM-DD hh:mm                                                          │
│  Assignment  make the TUI coherent                                                     │
│  Rationale   screens drifted apart                                                     │
│                                                                                        │
│  ↑/↓ select · Enter open/toggle · c comment · r reconsider · x resolve                 │
│                                                                                        │
│Risks                                                                                   │
│   • info render is huge (ai)                                                           │
│                                                                                        │
│  1 AI work note (1 findings)  — the AI's execution workpaper, not usually needed for   │
│review  (n to view)                                                                     │
│                                                                                        │
│Blocked by                                                                              │
│  #3 wire the theme                                                                     │
│  #4 pick colours                                                                       │
│                                                                                        │
│Blocking                                                                                │
│  #9 ship the release                                                                   │
│                                                                                        │
│Cited memories                                                                          │
│  m12 prefer ink() over Color literals                                                  │
│                                                                                        │
│Checklist  1/2 steps · 0/1 acceptance                                                   │
│   [x] recall                                                                           │
│   [ ] observe                                                                          │
│   [ ] snapshots pass [accept]                                                          │
│                                                                                        │
│                                                                                        │
│                                                                                        │
│                                                                                        │
│                                                                                        │
│                                                                                        │
│                                                                                        │
│                                                                                        │
│                                                                                        │
│                                                                                        │
└────────────────────────────────────────────────────────────────────────────────────────┘
 ↑/↓ move • Enter edit/open • c comment • a step • d tree • n notes • u urgency • v expand
--- styles ---
aaaaaaaaaaaaaaaaaaaaaaaaaaaaaaaaaaaaaaaaaaaaaaaaaaaaaaaaaaaaaaaaaaaaaaaaaaaaaaaaaaaaaaaaaa
abbbbbbbbbbbbbbbccccccccccccccccccccccccccccccccccccccccccccccccccccccccccccccccccccccccca
abbbbbbbbbbbbbbbccccccccccccccccccccccccccccccccccccccccccccccccccccccccccccccccccccccccca
adddddddddddddddeeeeccccccccccccccccccccccccccccccccccccccccccccccccccccccccccccccccccccca
abbbbbbbbbbbbbbbccccccccccccccccccccccccccccccccccccccccccccccccccccccccccccccccccccccccca
abbbbbbbbbbbbbbbccccccccccccccccccccccccccccccccccccccccccccccccccccccccccccccccccccccccca
abbbbbbbbbbbbbbbccccccccccccccccccccccccccccccccccccccccccccccccccccccccccccccccccccccccca
abbbbbbbbbbbbbbbccccccccccccccccccccccccccccccccccccccccccccccccccccccccccccccccccccccccca
abbbbbbbbbbbbbbbccccccccccccccccccccccccccccccccccccccccccccccccccccccccccccccccccccccccca
abbbbbbbbbbbbbbcccccccccccccccccccccccccccccccccccccccccccccccccccccccccccccccccccccccccca
abbbbbbbbbbbbbbcccccccccccccccccccccccccccccccccccccccccccccccccccccccccccccccccccccccccca
abbbbbbbbbbbbbbccccccccccccccccbbbbbbbbbccccccccccccccccccccccccccccccccccccccccccccccccca
abbbbbbbbbbbbbbcccccccccccccccccccccccccccccccccccccccccccccccccccccccccccccccccccccccccca
abbbbbbbbbbbbbbbbbbbbbbbbbbbbbbbbbbbccccccccccccccccccccccccccccccccccccccccccccccccccccca
abbbbbbbbbbbbbbcccccccccccccccccccccccccccccccccccccccccccccccccccccccccccccccccccccccccca
acccccccccccccccccccccccccccccccccccccccccccccccccccccccccccccccccccccccccccccccccccccccca
afffffffffffffffffffffffffffffffffffffffffffffffffffffffffffffffffffffffccccccccccccccccca
acccccccccccccccccccccccccccccccccccccccccccccccccccccccccccccccccccccccccccccccccccccccca
agggggccccccccccccccccccccccccccccccccccccccccccccccccccccccccccccccccccccccccccccccccccca
ahhhhhccccccccccccccccccciiiiiccccccccccccccccccccccccccccccccccccccccccccccccccccccccccca
acccccccccccccccccccccccccccccccccccccccccccccccccccccccccccccccccccccccccccccccccccccccca
afffffffffffffffffffffffffffffffffffffffffffffffffffffffffffffffffffffffffffffffffffffccca
afffffffffffffffffffccccccccccccccccccccccccccccccccccccccccccccccccccccccccccccccccccccca
acccccccccccccccccccccccccccccccccccccccccccccccccccccccccccccccccccccccccccccccccccccccca
aggggggggggcccccccccccccccccccccccccccccccccccccccccccccccccccccccccccccccccccccccccccccca
acccccccccccccccccccccccccccccccccccccccccccccccccccccccccccccccccccccccccccccccccccccccca
acccccccccccccccccccccccccccccccccccccccccccccccccccccccccccccccccccccccccccccccccccccccca
acccccccccccccccccccccccccccccccccccccccccccccccccccccccccccccccccccccccccccccccccccccccca
aggggggggcccccccccccccccccccccccccccccccccccccccccccccccccccccccccccccccccccccccccccccccca
acccccccccccccccccccccccccccccccccccccccccccccccccccccccccccccccccccccccccccccccccccccccca
acccccccccccccccccccccccccccccccccccccccccccccccccccccccccccccccccccccccccccccccccccccccca
aggggggggggggggcccccccccccccccccccccccccccccccccccccccccccccccccccccccccccccccccccccccccca
acccccccccccccccccccccccccccccccccccccccccccccccccccccccccccccccccccccccccccccccccccccccca
acccccccccccccccccccccccccccccccccccccccccccccccccccccccccccccccccccccccccccccccccccccccca
agggggggggggggggggggggggggggggggggggggccccccccccccccccccccccccccccccccccccccccccccccccccca
ahhhhhhhjjjjjjccccccccccccccccccccccccccccccccccccccccccccccccccccccccccccccccccccccccccca
ahhhhhhhccccccccccccccccccccccccccccccccccccccccccccccccccccccccccccccccccccccccccccccccca
ahhhhhhhcccccccccccccckkkkkkkkkcccccccccccccccccccccccccccccccccccccccccccccccccccccccccca
acccccccccccccccccccccccccccccccccccccccccccccccccccccccccccccccccccccccccccccccccccccccca
acccccccccccccccccccccccccccccccccccccccccccccccccccccccccccccccccccccccccccccccccccccccca
acccccccccccccccccccccccccccccccccccccccccccccccccccccccccccccccccccccccccccccccccccccccca
acccccccccccccccccccccccccccccccccccccccccccccccccccccccccccccccccccccccccccccccccccccccca
acccccccccccccccccccccccccccccccccccccccccccccccccccccccccccccccccccccccccccccccccccccccca
acccccccccccccccccccccccccccccccccccccccccccccccccccccccccccccccccccccccccccccccccccccccca
acccccccccccccccccccccccccccccccccccccccccccccccccccccccccccccccccccccccccccccccccccccccca
acccccccccccccccccccccccccccccccccccccccccccccccccccccccccccccccccccccccccccccccccccccccca
acccccccccccccccccccccccccccccccccccccccccccccccccccccccccccccccccccccccccccccccccccccccca
acccccccccccccccccccccccccccccccccccccccccccccccccccccccccccccccccccccccccccccccccccccccca
aaaaaaaaaaaaaaaaaaaaaaaaaaaaaaaaaaaaaaaaaaaaaaaaaaaaaaaaaaaaaaaaaaaaaaaaaaaaaaaaaaaaaaaaaa
hhhhhhhhhhhhhhhhhhhhhhhhhhhhhhhhhhhhhhhhhhhhhhhhhhhhhhhhhhhhhhhhhhhhhhhhhhhhhhhhhhhhhhhhhh
--- legend ---
a fg=Some(Cyan) bg=Some(Reset) mod=NONE
b fg=Some(DarkGray) bg=Some(Reset) mod=NONE
c fg=Some(Reset) bg=Some(Reset) mod=NONE
d fg=Some(White) bg=Some(Blue) mod=BOLD
e fg=Some(White) bg=Some(Blue) mod=NONE
f fg=Some(DarkGray) bg=Some(Reset) mod=ITALIC
g fg=Some(Cyan) bg=Some(Reset) mod=BOLD
h fg=Some(Gray) bg=Some(Reset) mod=NONE
i fg=Some(Magenta) bg=Some(Reset) mod=NONE
j fg=Some(DarkGray) bg=Some(Reset) mod=CROSSED_OUT
k fg=Some(Blue) bg=Some(Reset) mod=NONE
