---
source: tests/unit/commands/info/render.rs
expression: out
---
 [○ PENDING]  [· NOT VALIDATED]  [⎇ NO BRANCH]  [! 1 FEEDBACK · ⟳ 1 REVISE]                               #6 · 00000000
┌ TASK TREE ─────────────────────────────┐╔ tk ════════════════════════════════════════════════════════════════════════╗
│ ← blocked by (1)                       │║                                                                            ║
│  └─✓ 1 task 1                          │║   root task                                                                ║
│────────────────────────────────────────│║   urgency 7.5  ·  created YYYY-MM-DD hh:mm (today)                         ║
│ ▶   6 root task                        │║   modified YYYY-MM-DD hh:mm                                                ║
│────────────────────────────────────────│║                                                                            ║
│ blocks → (1)                           │║   ▎ asked  make the TUI coherent                                           ║
│  └─○ 2 task 2                          │║   ▎ why    screens drifted apart                                           ║
│                                        │║                                                                            ║
│                                        │║ ▌ DETAILS ─────────────────────────────────────────────────────────────────║
│                                        │║   Project    tk                         Priority   ▲ High                  ║
│                                        │║   Due        YYYY-MM-DD hh:mm  (due in 3 days)                             ║
│                                        │║   Tags       #tui #theme                Estimate   —                       ║
│                                        │║   Recur      —                          Depends on —                       ║
│                                        │║                                                                            ║
│                                        │║ ▌ RISKS ───────────────────────────────────────────────────────────────────║
│                                        │║   • info render is huge (ai)                                               ║
│                                        │║                                                                            ║
│                                        │║   ⋯ 1 AI work note hidden (1 findings)  · n to view                        ║
│                                        │║                                                                            ║
│                                        │║ ▾ CHECKLIST  4 ────────────────────────────────────────────────────────────║
│                                        │║   steps       ▰▰▰▰▰▰▰▰▰▰▱▱▱▱▱▱▱▱▱▱  1/2                                    ║
│                                        │║   acceptance  ▰▰▰▰▰▰▰▰▰▰▱▱▱▱▱▱▱▱▱▱  1/2                                    ║
│                                        │║   ✓ recall                                                                 ║
│                                        │║ ▶ ◉ observe  ← next  ! 1 ⟳                                                 ║
│                                        │║     why observe                                                            ║
│                                        │║     ╰ hh:mm ⟳  split it smaller                                            ║
│                                        │║   ◇ snapshots pass  acceptance                                             ║
│                                        │║     $ cargo test  → not run                                                ║
│                                        │║   ✓ clippy clean  acceptance (ai)                                          ║
│                                        │║     $ cargo test  → green                                                  ║
│                                        │║                                                                            ║
│                                        │║ ▾ VERIFICATION  3 ─────────────────────────────────────────────────────────║
│                                        │║   test   $ cargo test  (project)                                           ║
│                                        │║   lint   $ cargo clippy  (project)                                         ║
│                                        │║   bench  $ cargo bench  (task)                                             ║
│                                        │║                                                                            ║
│                                        │║ ▾ FEEDBACK  1 ─────────────────────────────────────────────────────────────║
│                                        │║   YYYY-MM-DD hh:mm  step: "observe"  ⟳ split it smaller                    ║
│                                        │║                                                                            ║
│                                        │║                                                                            ║
│                                        │║                                                                            ║
│                                        │║                                                                            ║
│                                        │║                                                                            ║
│                                        │║                                                                            ║
│                                        │║                                                                            ║
│                                        │║                                                                            ║
│                                        │║                                                                            ║
│                                        │║                                                                            ║
│                                        │║                                                                            ║
│                                        │║                                                                            ║
│                                        │║                                                                            ║
│                                        │║                                                                            ║
│                                        │║                                                                            ║
│                                        │║                                                                            ║
│                                        │║                                                                            ║
│                                        │║                                                                            ║
└────────────────────────────────────────┘╚════════════════════════════════════════════════════════════════════════════╝
 ␣ toggle   K/J reorder   c comment   j/k move   a add step   ? help   q close
--- styles ---
abbbbbbbbbbbaacccccccccccccccccaacccccccccccccaadddddddddddddddddddddddddddaaaaaaaaaaaaaaaaaaaaaaaaaaaaaaaeeeeeeeeeeeeea
ffffffffffffffffffffffffffffffffffffffffffgggggggggggggggggggggggggggggggggggggggggggggggggggggggggggggggggggggggggggggg
fhhhhhhhhhhhhhhhhhiiiiiiiiiiiiiiiiiiiiiiifgiiiiiiiiiiiiiiiiiiiiiiiiiiiiiiiiiiiiiiiiiiiiiiiiiiiiiiiiiiiiiiiiiiiiiiiiiiiig
fjjjjkkkkkkkkkkiiiiiiiiiiiiiiiiiiiiiiiiiifglllllllllllliiiiiiiiiiiiiiiiiiiiiiiiiiiiiiiiiiiiiiiiiiiiiiiiiiiiiiiiiiiiiiiig
fjjjjjjjjjjjjjjjjjjjjjjjjjjjjjjjjjjjjjjjjfgiiijjjjjjjjmmmjjjjjjjjjjjjjjjjjjjjjjjjjjjjjjjjjjjjjiiiiiiiiiiiiiiiiiiiiiiiiig
fnnnnnnnnnnnnnnnniiiiiiiiiiiiiiiiiiiiiiiifgiiijjjjjjjjjjjjjjjjjjjjjjjjjiiiiiiiiiiiiiiiiiiiiiiiiiiiiiiiiiiiiiiiiiiiiiiiig
fjjjjjjjjjjjjjjjjjjjjjjjjjjjjjjjjjjjjjjjjfgiiiiiiiiiiiiiiiiiiiiiiiiiiiiiiiiiiiiiiiiiiiiiiiiiiiiiiiiiiiiiiiiiiiiiiiiiiiig
fhhhhhhhhhhhhhiiiiiiiiiiiiiiiiiiiiiiiiiiifggggggjjjjjjjoooooooooooooooooooooiiiiiiiiiiiiiiiiiiiiiiiiiiiiiiiiiiiiiiiiiiig
fjjjjggggggggggiiiiiiiiiiiiiiiiiiiiiiiiiifggggggjjjjjjjmmmmmmmmmmmmmmmmmmmmmiiiiiiiiiiiiiiiiiiiiiiiiiiiiiiiiiiiiiiiiiiig
fiiiiiiiiiiiiiiiiiiiiiiiiiiiiiiiiiiiiiiiifgiiiiiiiiiiiiiiiiiiiiiiiiiiiiiiiiiiiiiiiiiiiiiiiiiiiiiiiiiiiiiiiiiiiiiiiiiiiig
fiiiiiiiiiiiiiiiiiiiiiiiiiiiiiiiiiiiiiiiifgppppppppppijjjjjjjjjjjjjjjjjjjjjjjjjjjjjjjjjjjjjjjjjjjjjjjjjjjjjjjjjjjjjjjjjg
fiiiiiiiiiiiiiiiiiiiiiiiiiiiiiiiiiiiiiiiifgjjjjjjjjjjjjjjiiiiiiiiiiiiiiiiiiiiiiiijjjjjjjjjjjjjjqqqqqqiiiiiiiiiiiiiiiiiig
fiiiiiiiiiiiiiiiiiiiiiiiiiiiiiiiiiiiiiiiifgjjjjjjjjjjjjjjiiiiiiiiiiiiiiiiiiiiiiiiiiiiiiiiiiiiiiiiiiiiiiiiiiiiiiiiiiiiiig
fiiiiiiiiiiiiiiiiiiiiiiiiiiiiiiiiiiiiiiiifgjjjjjjjjjjjjjjffffiffffffiiiiiiiiiiiiijjjjjjjjjjjjjjjiiiiiiiiiiiiiiiiiiiiiiig
fiiiiiiiiiiiiiiiiiiiiiiiiiiiiiiiiiiiiiiiifgjjjjjjjjjjjjjjjiiiiiiiiiiiiiiiiiiiiiiijjjjjjjjjjjjjjjiiiiiiiiiiiiiiiiiiiiiiig
fiiiiiiiiiiiiiiiiiiiiiiiiiiiiiiiiiiiiiiiifgiiiiiiiiiiiiiiiiiiiiiiiiiiiiiiiiiiiiiiiiiiiiiiiiiiiiiiiiiiiiiiiiiiiiiiiiiiiig
fiiiiiiiiiiiiiiiiiiiiiiiiiiiiiiiiiiiiiiiifgppppppppijjjjjjjjjjjjjjjjjjjjjjjjjjjjjjjjjjjjjjjjjjjjjjjjjjjjjjjjjjjjjjjjjjjg
fiiiiiiiiiiiiiiiiiiiiiiiiiiiiiiiiiiiiiiiifgmmmmmiiiiiiiiiiiiiiiiiiifffffiiiiiiiiiiiiiiiiiiiiiiiiiiiiiiiiiiiiiiiiiiiiiiig
fiiiiiiiiiiiiiiiiiiiiiiiiiiiiiiiiiiiiiiiifgiiiiiiiiiiiiiiiiiiiiiiiiiiiiiiiiiiiiiiiiiiiiiiiiiiiiiiiiiiiiiiiiiiiiiiiiiiiig
fiiiiiiiiiiiiiiiiiiiiiiiiiiiiiiiiiiiiiiiifgrrrrrrrrrrrrrrrrrrrrrrrrrrrrrrrrrrrrrrrrrrrrrrrrrrrriiiiiiiiiiiiiiiiiiiiiiiig
fiiiiiiiiiiiiiiiiiiiiiiiiiiiiiiiiiiiiiiiifgiiiiiiiiiiiiiiiiiiiiiiiiiiiiiiiiiiiiiiiiiiiiiiiiiiiiiiiiiiiiiiiiiiiiiiiiiiiig
fiiiiiiiiiiiiiiiiiiiiiiiiiiiiiiiiiiiiiiiifgppppppppppppmmmijjjjjjjjjjjjjjjjjjjjjjjjjjjjjjjjjjjjjjjjjjjjjjjjjjjjjjjjjjjjg
fiiiiiiiiiiiiiiiiiiiiiiiiiiiiiiiiiiiiiiiifgjjjjjjjjjjjjjjjssssssssssjjjjjjjjjjhhhhhiiiiiiiiiiiiiiiiiiiiiiiiiiiiiiiiiiiig
fiiiiiiiiiiiiiiiiiiiiiiiiiiiiiiiiiiiiiiiifgjjjjjjjjjjjjjjjssssssssssjjjjjjjjjjhhhhhiiiiiiiiiiiiiiiiiiiiiiiiiiiiiiiiiiiig
fiiiiiiiiiiiiiiiiiiiiiiiiiiiiiiiiiiiiiiiifgooosskkkkkkiiiiiiiiiiiiiiiiiiiiiiiiiiiiiiiiiiiiiiiiiiiiiiiiiiiiiiiiiiiiiiiiig
fiiiiiiiiiiiiiiiiiiiiiiiiiiiiiiiiiiiiiiiifgtttttnnnnnnnpppppppppppppuuiiiiiiiiiiiiiiiiiiiiiiiiiiiiiiiiiiiiiiiiiiiiiiiiig
fiiiiiiiiiiiiiiiiiiiiiiiiiiiiiiiiiiiiiiiifgjjjjjjjjjjjjjjjjiiiiiiiiiiiiiiiiiiiiiiiiiiiiiiiiiiiiiiiiiiiiiiiiiiiiiiiiiiiig
fiiiiiiiiiiiiiiiiiiiiiiiiiiiiiiiiiiiiiiiifgjjjjjjjjjjjjjjjjjjjjjjjjjjjjjjjjiiiiiiiiiiiiiiiiiiiiiiiiiiiiiiiiiiiiiiiiiiiig
fiiiiiiiiiiiiiiiiiiiiiiiiiiiiiiiiiiiiiiiifgooovviiiiiiiiiiiiiivvvvvvvvvvvviiiiiiiiiiiiiiiiiiiiiiiiiiiiiiiiiiiiiiiiiiiiig
fiiiiiiiiiiiiiiiiiiiiiiiiiiiiiiiiiiiiiiiifgjjjjjvvvvvvvvvvvviijjjjjjjjjiiiiiiiiiiiiiiiiiiiiiiiiiiiiiiiiiiiiiiiiiiiiiiiig
fiiiiiiiiiiiiiiiiiiiiiiiiiiiiiiiiiiiiiiiifgooosskkkkkkkkkkkkvvvvvvvvvvvvfffffiiiiiiiiiiiiiiiiiiiiiiiiiiiiiiiiiiiiiiiiiig
fiiiiiiiiiiiiiiiiiiiiiiiiiiiiiiiiiiiiiiiifgjjjjjvvvvvvvvvvvviisssssssiiiiiiiiiiiiiiiiiiiiiiiiiiiiiiiiiiiiiiiiiiiiiiiiiig
fiiiiiiiiiiiiiiiiiiiiiiiiiiiiiiiiiiiiiiiifgiiiiiiiiiiiiiiiiiiiiiiiiiiiiiiiiiiiiiiiiiiiiiiiiiiiiiiiiiiiiiiiiiiiiiiiiiiiig
fiiiiiiiiiiiiiiiiiiiiiiiiiiiiiiiiiiiiiiiifgpppppppppppppppmmmijjjjjjjjjjjjjjjjjjjjjjjjjjjjjjjjjjjjjjjjjjjjjjjjjjjjjjjjjg
fiiiiiiiiiiiiiiiiiiiiiiiiiiiiiiiiiiiiiiiifghhhhhhhhhhvvvvvvvvvvvvjjjjjjjjjjjiiiiiiiiiiiiiiiiiiiiiiiiiiiiiiiiiiiiiiiiiiig
fiiiiiiiiiiiiiiiiiiiiiiiiiiiiiiiiiiiiiiiifghhhhhhhhhhvvvvvvvvvvvvvvjjjjjjjjjjjiiiiiiiiiiiiiiiiiiiiiiiiiiiiiiiiiiiiiiiiig
fiiiiiiiiiiiiiiiiiiiiiiiiiiiiiiiiiiiiiiiifghhhhhhhhhhvvvvvvvvvvvvvjjjjjjjjiiiiiiiiiiiiiiiiiiiiiiiiiiiiiiiiiiiiiiiiiiiiig
fiiiiiiiiiiiiiiiiiiiiiiiiiiiiiiiiiiiiiiiifgiiiiiiiiiiiiiiiiiiiiiiiiiiiiiiiiiiiiiiiiiiiiiiiiiiiiiiiiiiiiiiiiiiiiiiiiiiiig
fiiiiiiiiiiiiiiiiiiiiiiiiiiiiiiiiiiiiiiiifgpppppppppppmmmijjjjjjjjjjjjjjjjjjjjjjjjjjjjjjjjjjjjjjjjjjjjjjjjjjjjjjjjjjjjjg
fiiiiiiiiiiiiiiiiiiiiiiiiiiiiiiiiiiiiiiiifgjjjjjjjjjjjjjjjjjjjjjggggggggggggggggguuiiiiiiiiiiiiiiiiiiiiiiiiiiiiiiiiiiiig
fiiiiiiiiiiiiiiiiiiiiiiiiiiiiiiiiiiiiiiiifgiiiiiiiiiiiiiiiiiiiiiiiiiiiiiiiiiiiiiiiiiiiiiiiiiiiiiiiiiiiiiiiiiiiiiiiiiiiig
fiiiiiiiiiiiiiiiiiiiiiiiiiiiiiiiiiiiiiiiifgiiiiiiiiiiiiiiiiiiiiiiiiiiiiiiiiiiiiiiiiiiiiiiiiiiiiiiiiiiiiiiiiiiiiiiiiiiiig
fiiiiiiiiiiiiiiiiiiiiiiiiiiiiiiiiiiiiiiiifgiiiiiiiiiiiiiiiiiiiiiiiiiiiiiiiiiiiiiiiiiiiiiiiiiiiiiiiiiiiiiiiiiiiiiiiiiiiig
fiiiiiiiiiiiiiiiiiiiiiiiiiiiiiiiiiiiiiiiifgiiiiiiiiiiiiiiiiiiiiiiiiiiiiiiiiiiiiiiiiiiiiiiiiiiiiiiiiiiiiiiiiiiiiiiiiiiiig
fiiiiiiiiiiiiiiiiiiiiiiiiiiiiiiiiiiiiiiiifgiiiiiiiiiiiiiiiiiiiiiiiiiiiiiiiiiiiiiiiiiiiiiiiiiiiiiiiiiiiiiiiiiiiiiiiiiiiig
fiiiiiiiiiiiiiiiiiiiiiiiiiiiiiiiiiiiiiiiifgiiiiiiiiiiiiiiiiiiiiiiiiiiiiiiiiiiiiiiiiiiiiiiiiiiiiiiiiiiiiiiiiiiiiiiiiiiiig
fiiiiiiiiiiiiiiiiiiiiiiiiiiiiiiiiiiiiiiiifgiiiiiiiiiiiiiiiiiiiiiiiiiiiiiiiiiiiiiiiiiiiiiiiiiiiiiiiiiiiiiiiiiiiiiiiiiiiig
fiiiiiiiiiiiiiiiiiiiiiiiiiiiiiiiiiiiiiiiifgiiiiiiiiiiiiiiiiiiiiiiiiiiiiiiiiiiiiiiiiiiiiiiiiiiiiiiiiiiiiiiiiiiiiiiiiiiiig
fiiiiiiiiiiiiiiiiiiiiiiiiiiiiiiiiiiiiiiiifgiiiiiiiiiiiiiiiiiiiiiiiiiiiiiiiiiiiiiiiiiiiiiiiiiiiiiiiiiiiiiiiiiiiiiiiiiiiig
fiiiiiiiiiiiiiiiiiiiiiiiiiiiiiiiiiiiiiiiifgiiiiiiiiiiiiiiiiiiiiiiiiiiiiiiiiiiiiiiiiiiiiiiiiiiiiiiiiiiiiiiiiiiiiiiiiiiiig
fiiiiiiiiiiiiiiiiiiiiiiiiiiiiiiiiiiiiiiiifgiiiiiiiiiiiiiiiiiiiiiiiiiiiiiiiiiiiiiiiiiiiiiiiiiiiiiiiiiiiiiiiiiiiiiiiiiiiig
fiiiiiiiiiiiiiiiiiiiiiiiiiiiiiiiiiiiiiiiifgiiiiiiiiiiiiiiiiiiiiiiiiiiiiiiiiiiiiiiiiiiiiiiiiiiiiiiiiiiiiiiiiiiiiiiiiiiiig
fiiiiiiiiiiiiiiiiiiiiiiiiiiiiiiiiiiiiiiiifgiiiiiiiiiiiiiiiiiiiiiiiiiiiiiiiiiiiiiiiiiiiiiiiiiiiiiiiiiiiiiiiiiiiiiiiiiiiig
fiiiiiiiiiiiiiiiiiiiiiiiiiiiiiiiiiiiiiiiifgiiiiiiiiiiiiiiiiiiiiiiiiiiiiiiiiiiiiiiiiiiiiiiiiiiiiiiiiiiiiiiiiiiiiiiiiiiiig
fiiiiiiiiiiiiiiiiiiiiiiiiiiiiiiiiiiiiiiiifgiiiiiiiiiiiiiiiiiiiiiiiiiiiiiiiiiiiiiiiiiiiiiiiiiiiiiiiiiiiiiiiiiiiiiiiiiiiig
fiiiiiiiiiiiiiiiiiiiiiiiiiiiiiiiiiiiiiiiifgiiiiiiiiiiiiiiiiiiiiiiiiiiiiiiiiiiiiiiiiiiiiiiiiiiiiiiiiiiiiiiiiiiiiiiiiiiiig
fiiiiiiiiiiiiiiiiiiiiiiiiiiiiiiiiiiiiiiiifgiiiiiiiiiiiiiiiiiiiiiiiiiiiiiiiiiiiiiiiiiiiiiiiiiiiiiiiiiiiiiiiiiiiiiiiiiiiig
fiiiiiiiiiiiiiiiiiiiiiiiiiiiiiiiiiiiiiiiifgiiiiiiiiiiiiiiiiiiiiiiiiiiiiiiiiiiiiiiiiiiiiiiiiiiiiiiiiiiiiiiiiiiiiiiiiiiiig
ffffffffffffffffffffffffffffffffffffffffffgggggggggggggggggggggggggggggggggggggggggggggggggggggggggggggggggggggggggggggg
ipmmmmmmmiiipppmmmmmmmmiiipmmmmmmmmiiipppmmmmmiiipmmmmmmmmmiiipmmmmmiiipmmmmmmiiiiiiiiiiiiiiiiiiiiiiiiiiiiiiiiiiiiiiiiii
--- legend ---
a fg=Some(Reset) bg=Some(Rgb(28, 30, 44)) mod=NONE
b fg=Some(White) bg=Some(Rgb(28, 30, 44)) mod=BOLD
c fg=Some(DarkGray) bg=Some(Rgb(28, 30, 44)) mod=NONE
d fg=Some(Yellow) bg=Some(Rgb(28, 30, 44)) mod=BOLD
e fg=Some(Gray) bg=Some(Rgb(28, 30, 44)) mod=NONE
f fg=Some(Magenta) bg=Some(Reset) mod=NONE
g fg=Some(Cyan) bg=Some(Reset) mod=NONE
h fg=Some(Gray) bg=Some(Reset) mod=BOLD
i fg=Some(Reset) bg=Some(Reset) mod=NONE
j fg=Some(DarkGray) bg=Some(Reset) mod=NONE
k fg=Some(DarkGray) bg=Some(Reset) mod=CROSSED_OUT
l fg=Some(White) bg=Some(Reset) mod=BOLD
m fg=Some(Gray) bg=Some(Reset) mod=NONE
n fg=Some(White) bg=Some(Blue) mod=BOLD
o fg=Some(White) bg=Some(Reset) mod=NONE
p fg=Some(Cyan) bg=Some(Reset) mod=BOLD
q fg=Some(Red) bg=Some(Reset) mod=NONE
r fg=Some(DarkGray) bg=Some(Reset) mod=ITALIC
s fg=Some(Green) bg=Some(Reset) mod=NONE
t fg=Some(White) bg=Some(Blue) mod=NONE
u fg=Some(Yellow) bg=Some(Reset) mod=NONE
v fg=Some(Blue) bg=Some(Reset) mod=NONE

 [○ PENDING]  [· NOT VALIDATED]  [⎇ NO BRANCH]  [! 1 FEEDBACK · ⟳ 1 REVISE]                               #6 · 00000000
┌ TASK TREE ─────────────────────────────┐╔ tk ════════════════════════════════════════════════════════════════════════╗
│ ← blocked by (1)                       │║                                                                            ║
│  └─✓ 1 task 1                          │║   root task                                                                ║
│────────────────────────────────────────│║   urgency 7.5  ·  created YYYY-MM-DD hh:mm (today)                         ║
│ ▶   6 root task                        │║   modified YYYY-MM-DD hh:mm                                                ║
│────────────────────────────────────────│║                                                                            ║
│ blocks → (1)                           │║   ▎ asked  make the TUI coherent                                           ║
│  └─○ 2 task 2                          │║   ▎ why    screens drifted apart                                           ║
│                                        │║                                                                            ║
│                                        │║ ▌ DETAILS ─────────────────────────────────────────────────────────────────║
│                                        │║   Project    tk                         Priority   ▲ High                  ║
│                                        │║   Due        YYYY-MM-DD hh:mm  (due in 3 days)                             ║
│                                        │║   Tags       #tui #theme                Estimate   —                       ║
│                                        │║   Recur      —                          Depends on —                       ║
│                                        │║                                                                            ║
│                                        │║ ▌ RISKS ───────────────────────────────────────────────────────────────────║
│                                        │║   • info render is huge (ai)                                               ║
│                                        │║                                                                            ║
│                                        │║   ⋯ 1 AI work note hidden (1 findings)  · n to view                        ║
│                                        │║                                                                            ║
│                                        │║ ▾ CHECKLIST  4 ────────────────────────────────────────────────────────────║
│                                        │║   steps       ▰▰▰▰▰▰▰▰▰▰▱▱▱▱▱▱▱▱▱▱  1/2                                    ║
│                                        │║   acceptance  ▰▰▰▰▰▰▰▰▰▰▱▱▱▱▱▱▱▱▱▱  1/2                                    ║
│                                        │║   ✓ recall                                                                 ║
│                                        │║     why recall                                                             ║
│                                        │║     → green                                                                ║
│                                        │║ ▶ ◉ observe  ← next  ! 1 ⟳                                                 ║
│                                        │║     why observe                                                            ║
│                                        │║     ╰ hh:mm ⟳  split it smaller                                            ║
│                                        │║   ◇ snapshots pass  acceptance                                             ║
│                                        │║     why snapshots pass                                                     ║
│                                        │║     $ cargo test  → not run                                                ║
│                                        │║   ✓ clippy clean  acceptance (ai)                                          ║
│                                        │║     why clippy clean                                                       ║
│                                        │║     $ cargo test  → green                                                  ║
│                                        │║     done @ 01234567  2026-01-02                                            ║
│                                        │║                                                                            ║
│                                        │║ ▾ VERIFICATION  3 ─────────────────────────────────────────────────────────║
│                                        │║   test   $ cargo test  (project)                                           ║
│                                        │║   lint   $ cargo clippy  (project)                                         ║
│                                        │║   bench  $ cargo bench  (task)                                             ║
│                                        │║                                                                            ║
│                                        │║ ▾ FEEDBACK  1 ─────────────────────────────────────────────────────────────║
│                                        │║   YYYY-MM-DD hh:mm  step: "observe"  ⟳ split it smaller                    ║
│                                        │║                                                                            ║
│                                        │║                                                                            ║
│                                        │║                                                                            ║
│                                        │║                                                                            ║
│                                        │║                                                                            ║
│                                        │║                                                                            ║
│                                        │║                                                                            ║
│                                        │║                                                                            ║
│                                        │║                                                                            ║
│                                        │║                                                                            ║
│                                        │║                                                                            ║
│                                        │║                                                                            ║
│                                        │║                                                                            ║
└────────────────────────────────────────┘╚════════════════════════════════════════════════════════════════════════════╝
 ␣ toggle   K/J reorder   c comment   j/k move   a add step   ? help   q close
--- styles ---
abbbbbbbbbbbaacccccccccccccccccaacccccccccccccaadddddddddddddddddddddddddddaaaaaaaaaaaaaaaaaaaaaaaaaaaaaaaeeeeeeeeeeeeea
ffffffffffffffffffffffffffffffffffffffffffgggggggggggggggggggggggggggggggggggggggggggggggggggggggggggggggggggggggggggggg
fhhhhhhhhhhhhhhhhhiiiiiiiiiiiiiiiiiiiiiiifgiiiiiiiiiiiiiiiiiiiiiiiiiiiiiiiiiiiiiiiiiiiiiiiiiiiiiiiiiiiiiiiiiiiiiiiiiiiig
fjjjjkkkkkkkkkkiiiiiiiiiiiiiiiiiiiiiiiiiifglllllllllllliiiiiiiiiiiiiiiiiiiiiiiiiiiiiiiiiiiiiiiiiiiiiiiiiiiiiiiiiiiiiiiig
fjjjjjjjjjjjjjjjjjjjjjjjjjjjjjjjjjjjjjjjjfgiiijjjjjjjjmmmjjjjjjjjjjjjjjjjjjjjjjjjjjjjjjjjjjjjjiiiiiiiiiiiiiiiiiiiiiiiiig
fnnnnnnnnnnnnnnnniiiiiiiiiiiiiiiiiiiiiiiifgiiijjjjjjjjjjjjjjjjjjjjjjjjjiiiiiiiiiiiiiiiiiiiiiiiiiiiiiiiiiiiiiiiiiiiiiiiig
fjjjjjjjjjjjjjjjjjjjjjjjjjjjjjjjjjjjjjjjjfgiiiiiiiiiiiiiiiiiiiiiiiiiiiiiiiiiiiiiiiiiiiiiiiiiiiiiiiiiiiiiiiiiiiiiiiiiiiig
fhhhhhhhhhhhhhiiiiiiiiiiiiiiiiiiiiiiiiiiifggggggjjjjjjjoooooooooooooooooooooiiiiiiiiiiiiiiiiiiiiiiiiiiiiiiiiiiiiiiiiiiig
fjjjjggggggggggiiiiiiiiiiiiiiiiiiiiiiiiiifggggggjjjjjjjmmmmmmmmmmmmmmmmmmmmmiiiiiiiiiiiiiiiiiiiiiiiiiiiiiiiiiiiiiiiiiiig
fiiiiiiiiiiiiiiiiiiiiiiiiiiiiiiiiiiiiiiiifgiiiiiiiiiiiiiiiiiiiiiiiiiiiiiiiiiiiiiiiiiiiiiiiiiiiiiiiiiiiiiiiiiiiiiiiiiiiig
fiiiiiiiiiiiiiiiiiiiiiiiiiiiiiiiiiiiiiiiifgppppppppppijjjjjjjjjjjjjjjjjjjjjjjjjjjjjjjjjjjjjjjjjjjjjjjjjjjjjjjjjjjjjjjjjg
fiiiiiiiiiiiiiiiiiiiiiiiiiiiiiiiiiiiiiiiifgjjjjjjjjjjjjjjiiiiiiiiiiiiiiiiiiiiiiiijjjjjjjjjjjjjjqqqqqqiiiiiiiiiiiiiiiiiig
fiiiiiiiiiiiiiiiiiiiiiiiiiiiiiiiiiiiiiiiifgjjjjjjjjjjjjjjiiiiiiiiiiiiiiiiiiiiiiiiiiiiiiiiiiiiiiiiiiiiiiiiiiiiiiiiiiiiiig
fiiiiiiiiiiiiiiiiiiiiiiiiiiiiiiiiiiiiiiiifgjjjjjjjjjjjjjjffffiffffffiiiiiiiiiiiiijjjjjjjjjjjjjjjiiiiiiiiiiiiiiiiiiiiiiig
fiiiiiiiiiiiiiiiiiiiiiiiiiiiiiiiiiiiiiiiifgjjjjjjjjjjjjjjjiiiiiiiiiiiiiiiiiiiiiiijjjjjjjjjjjjjjjiiiiiiiiiiiiiiiiiiiiiiig
fiiiiiiiiiiiiiiiiiiiiiiiiiiiiiiiiiiiiiiiifgiiiiiiiiiiiiiiiiiiiiiiiiiiiiiiiiiiiiiiiiiiiiiiiiiiiiiiiiiiiiiiiiiiiiiiiiiiiig
fiiiiiiiiiiiiiiiiiiiiiiiiiiiiiiiiiiiiiiiifgppppppppijjjjjjjjjjjjjjjjjjjjjjjjjjjjjjjjjjjjjjjjjjjjjjjjjjjjjjjjjjjjjjjjjjjg
fiiiiiiiiiiiiiiiiiiiiiiiiiiiiiiiiiiiiiiiifgmmmmmiiiiiiiiiiiiiiiiiiifffffiiiiiiiiiiiiiiiiiiiiiiiiiiiiiiiiiiiiiiiiiiiiiiig
fiiiiiiiiiiiiiiiiiiiiiiiiiiiiiiiiiiiiiiiifgiiiiiiiiiiiiiiiiiiiiiiiiiiiiiiiiiiiiiiiiiiiiiiiiiiiiiiiiiiiiiiiiiiiiiiiiiiiig
fiiiiiiiiiiiiiiiiiiiiiiiiiiiiiiiiiiiiiiiifgrrrrrrrrrrrrrrrrrrrrrrrrrrrrrrrrrrrrrrrrrrrrrrrrrrrriiiiiiiiiiiiiiiiiiiiiiiig
fiiiiiiiiiiiiiiiiiiiiiiiiiiiiiiiiiiiiiiiifgiiiiiiiiiiiiiiiiiiiiiiiiiiiiiiiiiiiiiiiiiiiiiiiiiiiiiiiiiiiiiiiiiiiiiiiiiiiig
fiiiiiiiiiiiiiiiiiiiiiiiiiiiiiiiiiiiiiiiifgppppppppppppmmmijjjjjjjjjjjjjjjjjjjjjjjjjjjjjjjjjjjjjjjjjjjjjjjjjjjjjjjjjjjjg
fiiiiiiiiiiiiiiiiiiiiiiiiiiiiiiiiiiiiiiiifgjjjjjjjjjjjjjjjssssssssssjjjjjjjjjjhhhhhiiiiiiiiiiiiiiiiiiiiiiiiiiiiiiiiiiiig
fiiiiiiiiiiiiiiiiiiiiiiiiiiiiiiiiiiiiiiiifgjjjjjjjjjjjjjjjssssssssssjjjjjjjjjjhhhhhiiiiiiiiiiiiiiiiiiiiiiiiiiiiiiiiiiiig
fiiiiiiiiiiiiiiiiiiiiiiiiiiiiiiiiiiiiiiiifgooosskkkkkkiiiiiiiiiiiiiiiiiiiiiiiiiiiiiiiiiiiiiiiiiiiiiiiiiiiiiiiiiiiiiiiiig
fiiiiiiiiiiiiiiiiiiiiiiiiiiiiiiiiiiiiiiiifgjjjjjjjjjjjjjjjiiiiiiiiiiiiiiiiiiiiiiiiiiiiiiiiiiiiiiiiiiiiiiiiiiiiiiiiiiiiig
fiiiiiiiiiiiiiiiiiiiiiiiiiiiiiiiiiiiiiiiifgjjjjjsssssssiiiiiiiiiiiiiiiiiiiiiiiiiiiiiiiiiiiiiiiiiiiiiiiiiiiiiiiiiiiiiiiig
fiiiiiiiiiiiiiiiiiiiiiiiiiiiiiiiiiiiiiiiifgtttttnnnnnnnpppppppppppppuuiiiiiiiiiiiiiiiiiiiiiiiiiiiiiiiiiiiiiiiiiiiiiiiiig
fiiiiiiiiiiiiiiiiiiiiiiiiiiiiiiiiiiiiiiiifgjjjjjjjjjjjjjjjjiiiiiiiiiiiiiiiiiiiiiiiiiiiiiiiiiiiiiiiiiiiiiiiiiiiiiiiiiiiig
fiiiiiiiiiiiiiiiiiiiiiiiiiiiiiiiiiiiiiiiifgjjjjjjjjjjjjjjjjjjjjjjjjjjjjjjjjiiiiiiiiiiiiiiiiiiiiiiiiiiiiiiiiiiiiiiiiiiiig
fiiiiiiiiiiiiiiiiiiiiiiiiiiiiiiiiiiiiiiiifgooovviiiiiiiiiiiiiivvvvvvvvvvvviiiiiiiiiiiiiiiiiiiiiiiiiiiiiiiiiiiiiiiiiiiiig
fiiiiiiiiiiiiiiiiiiiiiiiiiiiiiiiiiiiiiiiifgjjjjjjjjjjjjjjjjjjjjjjjiiiiiiiiiiiiiiiiiiiiiiiiiiiiiiiiiiiiiiiiiiiiiiiiiiiiig
fiiiiiiiiiiiiiiiiiiiiiiiiiiiiiiiiiiiiiiiifgjjjjjvvvvvvvvvvvviijjjjjjjjjiiiiiiiiiiiiiiiiiiiiiiiiiiiiiiiiiiiiiiiiiiiiiiiig
fiiiiiiiiiiiiiiiiiiiiiiiiiiiiiiiiiiiiiiiifgooosskkkkkkkkkkkkvvvvvvvvvvvvfffffiiiiiiiiiiiiiiiiiiiiiiiiiiiiiiiiiiiiiiiiiig
fiiiiiiiiiiiiiiiiiiiiiiiiiiiiiiiiiiiiiiiifgjjjjjjjjjjjjjjjjjjjjjiiiiiiiiiiiiiiiiiiiiiiiiiiiiiiiiiiiiiiiiiiiiiiiiiiiiiiig
fiiiiiiiiiiiiiiiiiiiiiiiiiiiiiiiiiiiiiiiifgjjjjjvvvvvvvvvvvviisssssssiiiiiiiiiiiiiiiiiiiiiiiiiiiiiiiiiiiiiiiiiiiiiiiiiig
fiiiiiiiiiiiiiiiiiiiiiiiiiiiiiiiiiiiiiiiifgjjjjjjjjjjjjjjjjjjjjjjjjjjjjjjjjiiiiiiiiiiiiiiiiiiiiiiiiiiiiiiiiiiiiiiiiiiiig
fiiiiiiiiiiiiiiiiiiiiiiiiiiiiiiiiiiiiiiiifgiiiiiiiiiiiiiiiiiiiiiiiiiiiiiiiiiiiiiiiiiiiiiiiiiiiiiiiiiiiiiiiiiiiiiiiiiiiig
fiiiiiiiiiiiiiiiiiiiiiiiiiiiiiiiiiiiiiiiifgpppppppppppppppmmmijjjjjjjjjjjjjjjjjjjjjjjjjjjjjjjjjjjjjjjjjjjjjjjjjjjjjjjjjg
fiiiiiiiiiiiiiiiiiiiiiiiiiiiiiiiiiiiiiiiifghhhhhhhhhhvvvvvvvvvvvvjjjjjjjjjjjiiiiiiiiiiiiiiiiiiiiiiiiiiiiiiiiiiiiiiiiiiig
fiiiiiiiiiiiiiiiiiiiiiiiiiiiiiiiiiiiiiiiifghhhhhhhhhhvvvvvvvvvvvvvvjjjjjjjjjjjiiiiiiiiiiiiiiiiiiiiiiiiiiiiiiiiiiiiiiiiig
fiiiiiiiiiiiiiiiiiiiiiiiiiiiiiiiiiiiiiiiifghhhhhhhhhhvvvvvvvvvvvvvjjjjjjjjiiiiiiiiiiiiiiiiiiiiiiiiiiiiiiiiiiiiiiiiiiiiig
fiiiiiiiiiiiiiiiiiiiiiiiiiiiiiiiiiiiiiiiifgiiiiiiiiiiiiiiiiiiiiiiiiiiiiiiiiiiiiiiiiiiiiiiiiiiiiiiiiiiiiiiiiiiiiiiiiiiiig
fiiiiiiiiiiiiiiiiiiiiiiiiiiiiiiiiiiiiiiiifgpppppppppppmmmijjjjjjjjjjjjjjjjjjjjjjjjjjjjjjjjjjjjjjjjjjjjjjjjjjjjjjjjjjjjjg
fiiiiiiiiiiiiiiiiiiiiiiiiiiiiiiiiiiiiiiiifgjjjjjjjjjjjjjjjjjjjjjggggggggggggggggguuiiiiiiiiiiiiiiiiiiiiiiiiiiiiiiiiiiiig
fiiiiiiiiiiiiiiiiiiiiiiiiiiiiiiiiiiiiiiiifgiiiiiiiiiiiiiiiiiiiiiiiiiiiiiiiiiiiiiiiiiiiiiiiiiiiiiiiiiiiiiiiiiiiiiiiiiiiig
fiiiiiiiiiiiiiiiiiiiiiiiiiiiiiiiiiiiiiiiifgiiiiiiiiiiiiiiiiiiiiiiiiiiiiiiiiiiiiiiiiiiiiiiiiiiiiiiiiiiiiiiiiiiiiiiiiiiiig
fiiiiiiiiiiiiiiiiiiiiiiiiiiiiiiiiiiiiiiiifgiiiiiiiiiiiiiiiiiiiiiiiiiiiiiiiiiiiiiiiiiiiiiiiiiiiiiiiiiiiiiiiiiiiiiiiiiiiig
fiiiiiiiiiiiiiiiiiiiiiiiiiiiiiiiiiiiiiiiifgiiiiiiiiiiiiiiiiiiiiiiiiiiiiiiiiiiiiiiiiiiiiiiiiiiiiiiiiiiiiiiiiiiiiiiiiiiiig
fiiiiiiiiiiiiiiiiiiiiiiiiiiiiiiiiiiiiiiiifgiiiiiiiiiiiiiiiiiiiiiiiiiiiiiiiiiiiiiiiiiiiiiiiiiiiiiiiiiiiiiiiiiiiiiiiiiiiig
fiiiiiiiiiiiiiiiiiiiiiiiiiiiiiiiiiiiiiiiifgiiiiiiiiiiiiiiiiiiiiiiiiiiiiiiiiiiiiiiiiiiiiiiiiiiiiiiiiiiiiiiiiiiiiiiiiiiiig
fiiiiiiiiiiiiiiiiiiiiiiiiiiiiiiiiiiiiiiiifgiiiiiiiiiiiiiiiiiiiiiiiiiiiiiiiiiiiiiiiiiiiiiiiiiiiiiiiiiiiiiiiiiiiiiiiiiiiig
fiiiiiiiiiiiiiiiiiiiiiiiiiiiiiiiiiiiiiiiifgiiiiiiiiiiiiiiiiiiiiiiiiiiiiiiiiiiiiiiiiiiiiiiiiiiiiiiiiiiiiiiiiiiiiiiiiiiiig
fiiiiiiiiiiiiiiiiiiiiiiiiiiiiiiiiiiiiiiiifgiiiiiiiiiiiiiiiiiiiiiiiiiiiiiiiiiiiiiiiiiiiiiiiiiiiiiiiiiiiiiiiiiiiiiiiiiiiig
fiiiiiiiiiiiiiiiiiiiiiiiiiiiiiiiiiiiiiiiifgiiiiiiiiiiiiiiiiiiiiiiiiiiiiiiiiiiiiiiiiiiiiiiiiiiiiiiiiiiiiiiiiiiiiiiiiiiiig
fiiiiiiiiiiiiiiiiiiiiiiiiiiiiiiiiiiiiiiiifgiiiiiiiiiiiiiiiiiiiiiiiiiiiiiiiiiiiiiiiiiiiiiiiiiiiiiiiiiiiiiiiiiiiiiiiiiiiig
fiiiiiiiiiiiiiiiiiiiiiiiiiiiiiiiiiiiiiiiifgiiiiiiiiiiiiiiiiiiiiiiiiiiiiiiiiiiiiiiiiiiiiiiiiiiiiiiiiiiiiiiiiiiiiiiiiiiiig
fiiiiiiiiiiiiiiiiiiiiiiiiiiiiiiiiiiiiiiiifgiiiiiiiiiiiiiiiiiiiiiiiiiiiiiiiiiiiiiiiiiiiiiiiiiiiiiiiiiiiiiiiiiiiiiiiiiiiig
ffffffffffffffffffffffffffffffffffffffffffgggggggggggggggggggggggggggggggggggggggggggggggggggggggggggggggggggggggggggggg
ipmmmmmmmiiipppmmmmmmmmiiipmmmmmmmmiiipppmmmmmiiipmmmmmmmmmiiipmmmmmiiipmmmmmmiiiiiiiiiiiiiiiiiiiiiiiiiiiiiiiiiiiiiiiiii
--- legend ---
a fg=Some(Reset) bg=Some(Rgb(28, 30, 44)) mod=NONE
b fg=Some(White) bg=Some(Rgb(28, 30, 44)) mod=BOLD
c fg=Some(DarkGray) bg=Some(Rgb(28, 30, 44)) mod=NONE
d fg=Some(Yellow) bg=Some(Rgb(28, 30, 44)) mod=BOLD
e fg=Some(Gray) bg=Some(Rgb(28, 30, 44)) mod=NONE
f fg=Some(Magenta) bg=Some(Reset) mod=NONE
g fg=Some(Cyan) bg=Some(Reset) mod=NONE
h fg=Some(Gray) bg=Some(Reset) mod=BOLD
i fg=Some(Reset) bg=Some(Reset) mod=NONE
j fg=Some(DarkGray) bg=Some(Reset) mod=NONE
k fg=Some(DarkGray) bg=Some(Reset) mod=CROSSED_OUT
l fg=Some(White) bg=Some(Reset) mod=BOLD
m fg=Some(Gray) bg=Some(Reset) mod=NONE
n fg=Some(White) bg=Some(Blue) mod=BOLD
o fg=Some(White) bg=Some(Reset) mod=NONE
p fg=Some(Cyan) bg=Some(Reset) mod=BOLD
q fg=Some(Red) bg=Some(Reset) mod=NONE
r fg=Some(DarkGray) bg=Some(Reset) mod=ITALIC
s fg=Some(Green) bg=Some(Reset) mod=NONE
t fg=Some(White) bg=Some(Blue) mod=NONE
u fg=Some(Yellow) bg=Some(Reset) mod=NONE
v fg=Some(Blue) bg=Some(Reset) mod=NONE
