---
source: tests/unit/commands/info/render.rs
expression: out
---
┌ Task tree  (d to expand) ──────────────┐┌ Task 6 ────────────────────────────────────────────────────────────────────┐
│ ← blocked by (1)                       ││   Description root task                                                    │
│  └─✓ 1 task 1                          ││   Project     tk                                                           │
│────────────────────────────────────────││   Priority    High                                                         │
│ ▶   6 root task                        ││   Due         YYYY-MM-DD hh:mm  (due in 3 days)                            │
│────────────────────────────────────────││   Tags        tui, theme                                                   │
│ blocks → (1)                           ││   Estimate    -                                                            │
│  └─○ 2 task 2                          ││   Recur       -                                                            │
└────────────────────────────────────────┘│   Depends on  -                                                            │
┌ Git ───────────────────────────────────┐│  Time spent  -                                                             │
│  No branch tied.                       ││  Urgency     7.5                                                           │
│                                        ││  Entered     YYYY-MM-DD hh:mm  (today)                                     │
│  Run: sara <id> addbranch              ││  Modified    YYYY-MM-DD hh:mm                                              │
│                                        ││  Assignment  make the TUI coherent                                         │
│                                        ││  Rationale   screens drifted apart                                         │
│                                        ││                                                                            │
│                                        ││  ↑/↓ select · Enter open/toggle · c comment · r reconsider · x resolve     │
│                                        ││                                                                            │
│                                        ││Risks                                                                       │
│                                        ││   • info render is huge (ai)  💬 1 ⟳                                        │
│                                        ││      ╰ hh:mm ⟳  reword this note                                           │
│                                        ││                                                                            │
│                                        ││  1 AI work note (1 findings)  — the AI's execution workpaper, not usually  │
│                                        ││needed for review  (n to view)                                              │
│                                        ││                                                                            │
│                                        ││Checklist  1/2 steps · 0/1 acceptance                                       │
│                                        ││   [x] recall                                                               │
│                                        ││   [ ] observe  💬 1                                                         │
│                                        ││         ╰ hh:mm  step needs a test                                         │
│                                        ││   [ ] snapshots pass [accept]                                              │
│                                        ││                                                                            │
│                                        ││Comments                                                                    │
│                                        ││   YYYY-MM-DD hh:mm  looks good overall                                     │
│                                        ││ ▶ YYYY-MM-DD hh:mm  ⟳ reword this note                                     │
│                                        ││   YYYY-MM-DD hh:mm  step: "observe"  step needs a test                     │
│                                        ││   YYYY-MM-DD hh:mm  accept: "snapshots pass"  accept is vague              │
│                                        ││   YYYY-MM-DD hh:mm  dangling                                               │
│                                        ││                                                                            │
│                                        ││                                                                            │
│                                        ││                                                                            │
│                                        ││                                                                            │
│                                        ││                                                                            │
│                                        ││                                                                            │
│                                        ││                                                                            │
│                                        ││                                                                            │
│                                        ││                                                                            │
│                                        ││                                                                            │
│                                        ││                                                                            │
│                                        ││                                                                            │
│                                        ││                                                                            │
│                                        ││                                                                            │
│                                        ││                                                                            │
│                                        ││                                                                            │
│                                        ││                                                                            │
│                                        ││                                                                            │
│                                        ││                                                                            │
│                                        ││                                                                            │
│                                        ││                                                                            │
└────────────────────────────────────────┘└────────────────────────────────────────────────────────────────────────────┘
 ↑/↓ move • Enter edit/open • c comment • a step • d tree • n notes • u urgency • v expand • ? help • q close
--- styles ---
aaaaaaaaaaaaaaaaaaaaaaaaaaaaaaaaaaaaaaaaaabbbbbbbbbbbbbbbbbbbbbbbbbbbbbbbbbbbbbbbbbbbbbbbbbbbbbbbbbbbbbbbbbbbbbbbbbbbbbb
acccccccccccccccccdddddddddddddddddddddddabeeeeeeeeeeeeeeedddddddddddddddddddddddddddddddddddddddddddddddddddddddddddddb
aeeeeffffffffffddddddddddddddddddddddddddabeeeeeeeeeeeeeeedddddddddddddddddddddddddddddddddddddddddddddddddddddddddddddb
aeeeeeeeeeeeeeeeeeeeeeeeeeeeeeeeeeeeeeeeeabeeeeeeeeeeeeeeeggggdddddddddddddddddddddddddddddddddddddddddddddddddddddddddb
ahhhhhhhhhhhhhhhhddddddddddddddddddddddddabeeeeeeeeeeeeeeedddddddddddddddddddddddddddddddddddddddddddddddddddddddddddddb
aeeeeeeeeeeeeeeeeeeeeeeeeeeeeeeeeeeeeeeeeabeeeeeeeeeeeeeeedddddddddddddddddddddddddddddddddddddddddddddddddddddddddddddb
acccccccccccccdddddddddddddddddddddddddddabeeeeeeeeeeeeeeedddddddddddddddddddddddddddddddddddddddddddddddddddddddddddddb
aeeeebbbbbbbbbbddddddddddddddddddddddddddabeeeeeeeeeeeeeeedddddddddddddddddddddddddddddddddddddddddddddddddddddddddddddb
aaaaaaaaaaaaaaaaaaaaaaaaaaaaaaaaaaaaaaaaaabeeeeeeeeeeeeeeedddddddddddddddddddddddddddddddddddddddddddddddddddddddddddddb
eeeeeeeeeeeeeeeeeeeeeeeeeeeeeeeeeeeeeeeeeebeeeeeeeeeeeeeeddddddddddddddddddddddddddddddddddddddddddddddddddddddddddddddb
eeeeeeeeeeeeeeeeeedddddddddddddddddddddddebeeeeeeeeeeeeeeddddddddddddddddddddddddddddddddddddddddddddddddddddddddddddddb
eddddddddddddddddddddddddddddddddddddddddebeeeeeeeeeeeeeeddddddddddddddddeeeeeeeeedddddddddddddddddddddddddddddddddddddb
eiiiiiiiiiiiiiiiiiiiiiiiiiiddddddddddddddebeeeeeeeeeeeeeeddddddddddddddddddddddddddddddddddddddddddddddddddddddddddddddb
eddddddddddddddddddddddddddddddddddddddddebeeeeeeeeeeeeeeeeeeeeeeeeeeeeeeeeeeedddddddddddddddddddddddddddddddddddddddddb
eddddddddddddddddddddddddddddddddddddddddebeeeeeeeeeeeeeeddddddddddddddddddddddddddddddddddddddddddddddddddddddddddddddb
eddddddddddddddddddddddddddddddddddddddddebddddddddddddddddddddddddddddddddddddddddddddddddddddddddddddddddddddddddddddb
eddddddddddddddddddddddddddddddddddddddddebjjjjjjjjjjjjjjjjjjjjjjjjjjjjjjjjjjjjjjjjjjjjjjjjjjjjjjjjjjjjjjjjjjjjjjjdddddb
eddddddddddddddddddddddddddddddddddddddddebddddddddddddddddddddddddddddddddddddddddddddddddddddddddddddddddddddddddddddb
eddddddddddddddddddddddddddddddddddddddddebkkkkkdddddddddddddddddddddddddddddddddddddddddddddddddddddddddddddddddddddddb
eddddddddddddddddddddddddddddddddddddddddebiiiiidddddddddddddddddddaaaaabbbdbllddddddddddddddddddddddddddddddddddddddddb
eddddddddddddddddddddddddddddddddddddddddebeeeeeeeeeeeeeeeeeeeeeeeeeeeeeeeeedddddddddddddddddddddddddddddddddddddddddddb
eddddddddddddddddddddddddddddddddddddddddebddddddddddddddddddddddddddddddddddddddddddddddddddddddddddddddddddddddddddddb
eddddddddddddddddddddddddddddddddddddddddebjjjjjjjjjjjjjjjjjjjjjjjjjjjjjjjjjjjjjjjjjjjjjjjjjjjjjjjjjjjjjjjjjjjjjjjjjjddb
eddddddddddddddddddddddddddddddddddddddddebjjjjjjjjjjjjjjjjjjjjjjjjjjjjjjddddddddddddddddddddddddddddddddddddddddddddddb
eddddddddddddddddddddddddddddddddddddddddebddddddddddddddddddddddddddddddddddddddddddddddddddddddddddddddddddddddddddddb
eddddddddddddddddddddddddddddddddddddddddebkkkkkkkkkkkkkkkkkkkkkkkkkkkkkkkkkkkkkdddddddddddddddddddddddddddddddddddddddb
eddddddddddddddddddddddddddddddddddddddddebiiiiiiiffffffdddddddddddddddddddddddddddddddddddddddddddddddddddddddddddddddb
eddddddddddddddddddddddddddddddddddddddddebiiiiiiidddddddbbbdbdddddddddddddddddddddddddddddddddddddddddddddddddddddddddb
eddddddddddddddddddddddddddddddddddddddddebeeeeeeeeeeeeeeeeeeeeeeeeeeeeeeeeeeedddddddddddddddddddddddddddddddddddddddddb
eddddddddddddddddddddddddddddddddddddddddebiiiiiiiddddddddddddddmmmmmmmmmddddddddddddddddddddddddddddddddddddddddddddddb
eddddddddddddddddddddddddddddddddddddddddebddddddddddddddddddddddddddddddddddddddddddddddddddddddddddddddddddddddddddddb
eddddddddddddddddddddddddddddddddddddddddebkkkkkkkkddddddddddddddddddddddddddddddddddddddddddddddddddddddddddddddddddddb
eddddddddddddddddddddddddddddddddddddddddebeeeeeeeeeeeeeeeeeeeeedddddddddddddddddddddddddddddddddddddddddddddddddddddddb
eddddddddddddddddddddddddddddddddddddddddebnnnnnnnnnnnnnnnnnnnnnllnnnnnnnnnnnnnnnndddddddddddddddddddddddddddddddddddddb
eddddddddddddddddddddddddddddddddddddddddebeeeeeeeeeeeeeeeeeeeeebbbbbbbbbbbbbbbbbddddddddddddddddddddddddddddddddddddddb
eddddddddddddddddddddddddddddddddddddddddebeeeeeeeeeeeeeeeeeeeeebbbbbbbbbbbbbbbbbbbbbbbbbbfffffffffffffffddddddddddddddb
eddddddddddddddddddddddddddddddddddddddddebeeeeeeeeeeeeeeeeeeeeedddddddddddddddddddddddddddddddddddddddddddddddddddddddb
eddddddddddddddddddddddddddddddddddddddddebddddddddddddddddddddddddddddddddddddddddddddddddddddddddddddddddddddddddddddb
eddddddddddddddddddddddddddddddddddddddddebddddddddddddddddddddddddddddddddddddddddddddddddddddddddddddddddddddddddddddb
eddddddddddddddddddddddddddddddddddddddddebddddddddddddddddddddddddddddddddddddddddddddddddddddddddddddddddddddddddddddb
eddddddddddddddddddddddddddddddddddddddddebddddddddddddddddddddddddddddddddddddddddddddddddddddddddddddddddddddddddddddb
eddddddddddddddddddddddddddddddddddddddddebddddddddddddddddddddddddddddddddddddddddddddddddddddddddddddddddddddddddddddb
eddddddddddddddddddddddddddddddddddddddddebddddddddddddddddddddddddddddddddddddddddddddddddddddddddddddddddddddddddddddb
eddddddddddddddddddddddddddddddddddddddddebddddddddddddddddddddddddddddddddddddddddddddddddddddddddddddddddddddddddddddb
eddddddddddddddddddddddddddddddddddddddddebddddddddddddddddddddddddddddddddddddddddddddddddddddddddddddddddddddddddddddb
eddddddddddddddddddddddddddddddddddddddddebddddddddddddddddddddddddddddddddddddddddddddddddddddddddddddddddddddddddddddb
eddddddddddddddddddddddddddddddddddddddddebddddddddddddddddddddddddddddddddddddddddddddddddddddddddddddddddddddddddddddb
eddddddddddddddddddddddddddddddddddddddddebddddddddddddddddddddddddddddddddddddddddddddddddddddddddddddddddddddddddddddb
eddddddddddddddddddddddddddddddddddddddddebddddddddddddddddddddddddddddddddddddddddddddddddddddddddddddddddddddddddddddb
eddddddddddddddddddddddddddddddddddddddddebddddddddddddddddddddddddddddddddddddddddddddddddddddddddddddddddddddddddddddb
eddddddddddddddddddddddddddddddddddddddddebddddddddddddddddddddddddddddddddddddddddddddddddddddddddddddddddddddddddddddb
eddddddddddddddddddddddddddddddddddddddddebddddddddddddddddddddddddddddddddddddddddddddddddddddddddddddddddddddddddddddb
eddddddddddddddddddddddddddddddddddddddddebddddddddddddddddddddddddddddddddddddddddddddddddddddddddddddddddddddddddddddb
eddddddddddddddddddddddddddddddddddddddddebddddddddddddddddddddddddddddddddddddddddddddddddddddddddddddddddddddddddddddb
eddddddddddddddddddddddddddddddddddddddddebddddddddddddddddddddddddddddddddddddddddddddddddddddddddddddddddddddddddddddb
eddddddddddddddddddddddddddddddddddddddddebddddddddddddddddddddddddddddddddddddddddddddddddddddddddddddddddddddddddddddb
eddddddddddddddddddddddddddddddddddddddddebddddddddddddddddddddddddddddddddddddddddddddddddddddddddddddddddddddddddddddb
eddddddddddddddddddddddddddddddddddddddddebddddddddddddddddddddddddddddddddddddddddddddddddddddddddddddddddddddddddddddb
eeeeeeeeeeeeeeeeeeeeeeeeeeeeeeeeeeeeeeeeeebbbbbbbbbbbbbbbbbbbbbbbbbbbbbbbbbbbbbbbbbbbbbbbbbbbbbbbbbbbbbbbbbbbbbbbbbbbbbb
iiiiiiiiiiiiiiiiiiiiiiiiiiiiiiiiiiiiiiiiiiiiiiiiiiiiiiiiiiiiiiiiiiiiiiiiiiiiiiiiiiiiiiiiiiiiiiiiiiiiiiiiiiiiiiiiiiiiiiii
--- legend ---
a fg=Some(Magenta) bg=Some(Reset) mod=NONE
b fg=Some(Cyan) bg=Some(Reset) mod=NONE
c fg=Some(Gray) bg=Some(Reset) mod=BOLD
d fg=Some(Reset) bg=Some(Reset) mod=NONE
e fg=Some(DarkGray) bg=Some(Reset) mod=NONE
f fg=Some(DarkGray) bg=Some(Reset) mod=CROSSED_OUT
g fg=Some(Red) bg=Some(Reset) mod=NONE
h fg=Some(White) bg=Some(Blue) mod=BOLD
i fg=Some(Gray) bg=Some(Reset) mod=NONE
j fg=Some(DarkGray) bg=Some(Reset) mod=ITALIC
k fg=Some(Cyan) bg=Some(Reset) mod=BOLD
l fg=Some(Yellow) bg=Some(Reset) mod=NONE
m fg=Some(Blue) bg=Some(Reset) mod=NONE
n fg=Some(White) bg=Some(Blue) mod=NONE
