---
source: tests/unit/commands/info/render.rs
expression: out
---
┌ Task tree  (d to expand) ──────────────┐┌ Task 6 ────────────────────────────────────────────────────────────────────┐
│ ← blocked by (1)                       ││   Description root task                                                    │
│  └─✓ 1 task 1                          ││ ▶ Project     tk                                                           │
│────────────────────────────────────────││   Priority    High                                                         │
│ ▶   6 root task                        ││   Due         YYYY-MM-DD hh:mm  (due in 3 days)                            │
│────────────────────────────────────────││   Tags        tui, theme                                                   │
│ blocks → (1)                           ││   Estimate    -                                                            │
│  └─○ 2 task 2                          ││   Recur       -                                                            │
└────────────────────────────────────────┘│   Depends on  -                                                            │
┌ Git ───────────────────────────────────┐│  Time spent  -                                                             │
│  No branch tied.                       ││  Urgency     7.5                                                           │
│                                        ││  Entered     YYYY-MM-DD hh:mm  (today)                                     │
│  Run: sara <id> addbranch              ││  Modified    YYYY-MM-DD hh:mm                                              │
│                                        ││  Assignment  make the TUI coherent                                         │
│                                        ││  Rationale   screens drifted apart                                         │
│                                        ││                                                                            │
│                                        ││  ↑/↓ select · Enter open/toggle · c comment · r reconsider · x resolve     │
│                                        ││                                                                            │
│                                        ││Risks                                                                       │
│                                        ││   • info render is huge (ai)                                               │
│                                        ││                                                                            │
│                                        ││  1 AI work note (1 findings)  — the AI's execution workpaper, not usually  │
│                                        ││needed for review  (n to view)                                              │
│                                        ││                                                                            │
│                                        ││Checklist  1/2 steps · 0/1 acceptance                                       │
│                                        ││   [x] recall                                                               │
│                                        ││   [ ] observe                                                              │
│                                        ││   [ ] snapshots pass [accept]                                              │
│                                        ││                                                                            │
│                                        ││                                                                            │
│                                        ││                                                                            │
│                                        ││                                                                            │
│                                        ││                                                                            │
│                                        ││                                                                            │
│                                        ││                                                                            │
│                                        ││                                                                            │
│                                        ││                                                                            │
│                                        ││                                                                            │
│                                        ││                                                                            │
│                                        ││                                                                            │
│                                        ││                                                                            │
│                                        ││                                                                            │
│                                        ││                                                                            │
│                                        ││                                                                            │
│                                        ││                                                                            │
│                                        ││                                                                            │
└────────────────────────────────────────┘└────────────────────────────────────────────────────────────────────────────┘
 ↑/↓ move • Enter edit/open • c comment • a step • d tree • n notes • u urgency • v expand • ? help • q close
--- styles ---
aaaaaaaaaaaaaaaaaaaaaaaaaaaaaaaaaaaaaaaaaabbbbbbbbbbbbbbbbbbbbbbbbbbbbbbbbbbbbbbbbbbbbbbbbbbbbbbbbbbbbbbbbbbbbbbbbbbbbbb
acccccccccccccccccdddddddddddddddddddddddabeeeeeeeeeeeeeeedddddddddddddddddddddddddddddddddddddddddddddddddddddddddddddb
aeeeeffffffffffddddddddddddddddddddddddddabggggggggggggggghhdddddddddddddddddddddddddddddddddddddddddddddddddddddddddddb
aeeeeeeeeeeeeeeeeeeeeeeeeeeeeeeeeeeeeeeeeabeeeeeeeeeeeeeeeiiiidddddddddddddddddddddddddddddddddddddddddddddddddddddddddb
aggggggggggggggggddddddddddddddddddddddddabeeeeeeeeeeeeeeedddddddddddddddddddddddddddddddddddddddddddddddddddddddddddddb
aeeeeeeeeeeeeeeeeeeeeeeeeeeeeeeeeeeeeeeeeabeeeeeeeeeeeeeeedddddddddddddddddddddddddddddddddddddddddddddddddddddddddddddb
acccccccccccccdddddddddddddddddddddddddddabeeeeeeeeeeeeeeedddddddddddddddddddddddddddddddddddddddddddddddddddddddddddddb
aeeeebbbbbbbbbbddddddddddddddddddddddddddabeeeeeeeeeeeeeeedddddddddddddddddddddddddddddddddddddddddddddddddddddddddddddb
aaaaaaaaaaaaaaaaaaaaaaaaaaaaaaaaaaaaaaaaaabeeeeeeeeeeeeeeedddddddddddddddddddddddddddddddddddddddddddddddddddddddddddddb
eeeeeeeeeeeeeeeeeeeeeeeeeeeeeeeeeeeeeeeeeebeeeeeeeeeeeeeeddddddddddddddddddddddddddddddddddddddddddddddddddddddddddddddb
eeeeeeeeeeeeeeeeeedddddddddddddddddddddddebeeeeeeeeeeeeeeddddddddddddddddddddddddddddddddddddddddddddddddddddddddddddddb
eddddddddddddddddddddddddddddddddddddddddebeeeeeeeeeeeeeeddddddddddddddddeeeeeeeeedddddddddddddddddddddddddddddddddddddb
ejjjjjjjjjjjjjjjjjjjjjjjjjjddddddddddddddebeeeeeeeeeeeeeeddddddddddddddddddddddddddddddddddddddddddddddddddddddddddddddb
eddddddddddddddddddddddddddddddddddddddddebeeeeeeeeeeeeeeeeeeeeeeeeeeeeeeeeeeedddddddddddddddddddddddddddddddddddddddddb
eddddddddddddddddddddddddddddddddddddddddebeeeeeeeeeeeeeeddddddddddddddddddddddddddddddddddddddddddddddddddddddddddddddb
eddddddddddddddddddddddddddddddddddddddddebddddddddddddddddddddddddddddddddddddddddddddddddddddddddddddddddddddddddddddb
eddddddddddddddddddddddddddddddddddddddddebkkkkkkkkkkkkkkkkkkkkkkkkkkkkkkkkkkkkkkkkkkkkkkkkkkkkkkkkkkkkkkkkkkkkkkkdddddb
eddddddddddddddddddddddddddddddddddddddddebddddddddddddddddddddddddddddddddddddddddddddddddddddddddddddddddddddddddddddb
eddddddddddddddddddddddddddddddddddddddddebllllldddddddddddddddddddddddddddddddddddddddddddddddddddddddddddddddddddddddb
eddddddddddddddddddddddddddddddddddddddddebjjjjjdddddddddddddddddddaaaaadddddddddddddddddddddddddddddddddddddddddddddddb
eddddddddddddddddddddddddddddddddddddddddebddddddddddddddddddddddddddddddddddddddddddddddddddddddddddddddddddddddddddddb
eddddddddddddddddddddddddddddddddddddddddebkkkkkkkkkkkkkkkkkkkkkkkkkkkkkkkkkkkkkkkkkkkkkkkkkkkkkkkkkkkkkkkkkkkkkkkkkkddb
eddddddddddddddddddddddddddddddddddddddddebkkkkkkkkkkkkkkkkkkkkkkkkkkkkkkddddddddddddddddddddddddddddddddddddddddddddddb
eddddddddddddddddddddddddddddddddddddddddebddddddddddddddddddddddddddddddddddddddddddddddddddddddddddddddddddddddddddddb
eddddddddddddddddddddddddddddddddddddddddebllllllllllllllllllllllllllllllllllllldddddddddddddddddddddddddddddddddddddddb
eddddddddddddddddddddddddddddddddddddddddebjjjjjjjffffffdddddddddddddddddddddddddddddddddddddddddddddddddddddddddddddddb
eddddddddddddddddddddddddddddddddddddddddebjjjjjjjdddddddddddddddddddddddddddddddddddddddddddddddddddddddddddddddddddddb
eddddddddddddddddddddddddddddddddddddddddebjjjjjjjddddddddddddddmmmmmmmmmddddddddddddddddddddddddddddddddddddddddddddddb
eddddddddddddddddddddddddddddddddddddddddebddddddddddddddddddddddddddddddddddddddddddddddddddddddddddddddddddddddddddddb
eddddddddddddddddddddddddddddddddddddddddebddddddddddddddddddddddddddddddddddddddddddddddddddddddddddddddddddddddddddddb
eddddddddddddddddddddddddddddddddddddddddebddddddddddddddddddddddddddddddddddddddddddddddddddddddddddddddddddddddddddddb
eddddddddddddddddddddddddddddddddddddddddebddddddddddddddddddddddddddddddddddddddddddddddddddddddddddddddddddddddddddddb
eddddddddddddddddddddddddddddddddddddddddebddddddddddddddddddddddddddddddddddddddddddddddddddddddddddddddddddddddddddddb
eddddddddddddddddddddddddddddddddddddddddebddddddddddddddddddddddddddddddddddddddddddddddddddddddddddddddddddddddddddddb
eddddddddddddddddddddddddddddddddddddddddebddddddddddddddddddddddddddddddddddddddddddddddddddddddddddddddddddddddddddddb
eddddddddddddddddddddddddddddddddddddddddebddddddddddddddddddddddddddddddddddddddddddddddddddddddddddddddddddddddddddddb
eddddddddddddddddddddddddddddddddddddddddebddddddddddddddddddddddddddddddddddddddddddddddddddddddddddddddddddddddddddddb
eddddddddddddddddddddddddddddddddddddddddebddddddddddddddddddddddddddddddddddddddddddddddddddddddddddddddddddddddddddddb
eddddddddddddddddddddddddddddddddddddddddebddddddddddddddddddddddddddddddddddddddddddddddddddddddddddddddddddddddddddddb
eddddddddddddddddddddddddddddddddddddddddebddddddddddddddddddddddddddddddddddddddddddddddddddddddddddddddddddddddddddddb
eddddddddddddddddddddddddddddddddddddddddebddddddddddddddddddddddddddddddddddddddddddddddddddddddddddddddddddddddddddddb
eddddddddddddddddddddddddddddddddddddddddebddddddddddddddddddddddddddddddddddddddddddddddddddddddddddddddddddddddddddddb
eddddddddddddddddddddddddddddddddddddddddebddddddddddddddddddddddddddddddddddddddddddddddddddddddddddddddddddddddddddddb
eddddddddddddddddddddddddddddddddddddddddebddddddddddddddddddddddddddddddddddddddddddddddddddddddddddddddddddddddddddddb
eddddddddddddddddddddddddddddddddddddddddebddddddddddddddddddddddddddddddddddddddddddddddddddddddddddddddddddddddddddddb
eddddddddddddddddddddddddddddddddddddddddebddddddddddddddddddddddddddddddddddddddddddddddddddddddddddddddddddddddddddddb
eeeeeeeeeeeeeeeeeeeeeeeeeeeeeeeeeeeeeeeeeebbbbbbbbbbbbbbbbbbbbbbbbbbbbbbbbbbbbbbbbbbbbbbbbbbbbbbbbbbbbbbbbbbbbbbbbbbbbbb
jjjjjjjjjjjjjjjjjjjjjjjjjjjjjjjjjjjjjjjjjjjjjjjjjjjjjjjjjjjjjjjjjjjjjjjjjjjjjjjjjjjjjjjjjjjjjjjjjjjjjjjjjjjjjjjjjjjjjjjj
--- legend ---
a fg=Some(Rgb(190, 160, 255)) bg=Some(Reset) mod=NONE
b fg=Some(Rgb(70, 245, 195)) bg=Some(Reset) mod=NONE
c fg=Some(Rgb(130, 205, 160)) bg=Some(Reset) mod=BOLD
d fg=Some(Reset) bg=Some(Reset) mod=NONE
e fg=Some(Rgb(62, 112, 88)) bg=Some(Reset) mod=NONE
f fg=Some(Rgb(62, 112, 88)) bg=Some(Reset) mod=CROSSED_OUT
g fg=Some(Rgb(200, 255, 215)) bg=Some(Rgb(18, 72, 58)) mod=BOLD
h fg=Some(Rgb(200, 255, 215)) bg=Some(Rgb(18, 72, 58)) mod=NONE
i fg=Some(Rgb(255, 95, 85)) bg=Some(Reset) mod=NONE
j fg=Some(Rgb(130, 205, 160)) bg=Some(Reset) mod=NONE
k fg=Some(Rgb(62, 112, 88)) bg=Some(Reset) mod=ITALIC
l fg=Some(Rgb(70, 245, 195)) bg=Some(Reset) mod=BOLD
m fg=Some(Rgb(90, 190, 215)) bg=Some(Reset) mod=NONE
