---
source: tests/unit/commands/board/render.rs
expression: "crate::test_support::render_to_styled_string(100, 24, |f|\n{ render(f, &st, &lines) })"
---
[ Total: 4 | Active: 1 | Issues: 2 | Done: 0 ]                           [ Next: #1 wire the theme ]
[░░░░░░░░░░░░░░░░░░░░░░░░░░░░░░░░░░░░░░░░░░░░░░░░░░░░░░░░░░░░░░░░░░░░░░░░░░░░░░░░░░░░░░░░░░░░░░░] 0%

Priority:
High [███] 25%   Med [███] 25%   Low [███] 25%   None [███] 25%

╭ tk ──────────────────────────────────────────────────────────────────────────────────────────────╮
│     ID  PRI AGE           DESCRIPTION                                                            │
│▌▾        H  0m            #225 o/r  ▱▱▱▱▱▱▱▱▱▱ 0/2                                               │
│▶ ├─  1   H  0m       PR   wire the theme                                                         │
│ │                         ★ NEXT  ⚠ stale  ☐ 1/2  ! 1 feedback  ◷ due 3d  ⎇ feat/theme  ▸ Pin the│
│  └─  2   M  0m            pin snapshots                                                          │
│                           ✓ valid  ☐ 2/2  · no feedback  ⊘ blocked #1                            │
│▌▸        L  0m            #224 o/r  ▱▱▱▱▱▱▱▱▱▱ 0/1                                               │
│      4   -  0m            loose end                                                              │
│                           · unvalidated  ☐ no criteria  · no feedback                            │
│                                                                                                  │
│                                                                                                  │
│                                                                                                  │
│                                                                                                  │
│                                                                                                  │
│                                                                                                  │
╰──────────────────────────────────────────────────────────────────────────────────────────────────╯
 j/k move  ·  Enter open  ·  / filter  ·  p preview  ·  ? help  ·  q quit
--- styles ---
aabbbbbbbcbbbbbbbbbbbcbbbbbbbbbbbcbbbbbbbbbcaadddddddddddddddddddddddddddaabbbbbbcccccccccccccccccaa
bbbbbbbbbbbbbbbbbbbbbbbbbbbbbbbbbbbbbbbbbbbbbbbbbbbbbbbbbbbbbbbbbbbbbbbbbbbbbbbbbbbbbbbbbbbbbbbbbccc
dddddddddddddddddddddddddddddddddddddddddddddddddddddddddddddddddddddddddddddddddddddddddddddddddddd
cccccccccddddddddddddddddddddddddddddddddddddddddddddddddddddddddddddddddddddddddddddddddddddddddddd
eeeeebfffbeeeeeeeeeeebgggbeeeeeeeeeeebhhhbeeeeeeeeeeeebbbbbeeeeeeedddddddddddddddddddddddddddddddddd
dddddddddddddddddddddddddddddddddddddddddddddddddddddddddddddddddddddddddddddddddddddddddddddddddddd
iaaaaiiiiiiiiiiiiiiiiiiiiiiiiiiiiiiiiiiiiiiiiiiiiiiiiiiiiiiiiiiiiiiiiiiiiiiiiiiiiiiiiiiiiiiiiiiiiiii
ijjjjjjjjjjjjjjjjjjjjjjjjjjjjjjjjjjjjjjddddddddddddddddddddddddddddddddddddddddddddddddddddddddddddi
ikllllllllmmmlllllllllllllllnnnnnnnnlllllllllllllllldddddddddddddddddddddddddddddddddddddddddddddddi
iooooooooopppooooooooooqqqqqppppppppppppppdddddddddddddddddddddddddddddddddddddddddddddddddddddddddi
irrrrrrrrrrrrrrrrrrrrrrrrrrrssssssttuuuuuuuttvvvvvttwwwwwwwwwwwwttvvvvvvvvttxxxxxxxxxxxxttvvvvvvvvvi
ieeeeiiiiiyyyebbbbbbbbbddddddddddddddddddddddddddddddddddddddddddddddddddddddddddddddddddddddddddddi
ibbbbbbbbbbbbbbbbbbbbbbbbbbbhhhhhhhddhhhhhddbbbbbbbbbbbbbddffffffffffffddddddddddddddddddddddddddddi
ikllllllllzzzlllllllllllllllnnnnnnnnlllllllllllllllldddddddddddddddddddddddddddddddddddddddddddddddi
ieeeeiiiiibbbebbbbbbbbbddddddddddddddddddddddddddddddddddddddddddddddddddddddddddddddddddddddddddddi
ibbbbbbbbbbbbbbbbbbbbbbbbbbbbbbbbbbbbbbbbddbbbbbbbbbbbbbddbbbbbbbbbbbbbddddddddddddddddddddddddddddi
iddddddddddddddddddddddddddddddddddddddddddddddddddddddddddddddddddddddddddddddddddddddddddddddddddi
iddddddddddddddddddddddddddddddddddddddddddddddddddddddddddddddddddddddddddddddddddddddddddddddddddi
iddddddddddddddddddddddddddddddddddddddddddddddddddddddddddddddddddddddddddddddddddddddddddddddddddi
iddddddddddddddddddddddddddddddddddddddddddddddddddddddddddddddddddddddddddddddddddddddddddddddddddi
iddddddddddddddddddddddddddddddddddddddddddddddddddddddddddddddddddddddddddddddddddddddddddddddddddi
iddddddddddddddddddddddddddddddddddddddddddddddddddddddddddddddddddddddddddddddddddddddddddddddddddi
iiiiiiiiiiiiiiiiiiiiiiiiiiiiiiiiiiiiiiiiiiiiiiiiiiiiiiiiiiiiiiiiiiiiiiiiiiiiiiiiiiiiiiiiiiiiiiiiiiii
dcccbbbbbbbbbbcccccbbbbbbbbbbcbbbbbbbbbbbbcbbbbbbbbbbbbbcbbbbbbbbbbcbbbbbddddddddddddddddddddddddddd
--- legend ---
a fg=Some(Cyan) bg=Some(Reset) mod=BOLD
b fg=Some(DarkGray) bg=Some(Reset) mod=NONE
c fg=Some(White) bg=Some(Reset) mod=BOLD
d fg=Some(Reset) bg=Some(Reset) mod=NONE
e fg=Some(Gray) bg=Some(Reset) mod=NONE
f fg=Some(Red) bg=Some(Reset) mod=NONE
g fg=Some(Yellow) bg=Some(Reset) mod=NONE
h fg=Some(Green) bg=Some(Reset) mod=NONE
i fg=Some(Cyan) bg=Some(Reset) mod=NONE
j fg=Some(White) bg=Some(Reset) mod=BOLD | UNDERLINED
k fg=Some(Cyan) bg=Some(Rgb(28, 30, 44)) mod=NONE
l fg=Some(DarkGray) bg=Some(Rgb(28, 30, 44)) mod=NONE
m fg=Some(White) bg=Some(Red) mod=BOLD
n fg=Some(Cyan) bg=Some(Rgb(28, 30, 44)) mod=BOLD
o fg=Some(White) bg=Some(Blue) mod=NONE
p fg=Some(White) bg=Some(Blue) mod=BOLD
q fg=Some(Magenta) bg=Some(Reset) mod=BOLD
r fg=Some(DarkGray) bg=Some(Blue) mod=NONE
s fg=Some(Cyan) bg=Some(Blue) mod=BOLD
t fg=Some(Reset) bg=Some(Blue) mod=NONE
u fg=Some(Yellow) bg=Some(Blue) mod=NONE
v fg=Some(Gray) bg=Some(Blue) mod=NONE
w fg=Some(Cyan) bg=Some(Blue) mod=NONE
x fg=Some(Blue) bg=Some(Blue) mod=NONE
y fg=Some(Black) bg=Some(Yellow) mod=BOLD
z fg=Some(Black) bg=Some(Green) mod=BOLD
